Archive member included to satisfy reference by file (symbol)

C:/ST/STM32CubeIDE_1.19.0/STM32CubeIDE/plugins/com.st.stm32cube.ide.mcu.externaltools.gnu-tools-for-stm32.13.3.rel1.win32_1.0.0.202411081344/tools/bin/../lib/gcc/arm-none-eabi/13.3.1/../../../../arm-none-eabi/lib/thumb/v7e-m+fp/hard\libc_nano.a(libc_a-assert.o)
                              ./drivers/bsp/stm32g4_flash.o (__assert_func)
C:/ST/STM32CubeIDE_1.19.0/STM32CubeIDE/plugins/com.st.stm32cube.ide.mcu.externaltools.gnu-tools-for-stm32.13.3.rel1.win32_1.0.0.202411081344/tools/bin/../lib/gcc/arm-none-eabi/13.3.1/../../../../arm-none-eabi/lib/thumb/v7e-m+fp/hard\libc_nano.a(libc_a-exit.o)
                              C:/ST/STM32CubeIDE_1.19.0/STM32CubeIDE/plugins/com.st.stm32cube.ide.mcu.externaltools.gnu-tools-for-stm32.13.3.rel1.win32_1.0.0.202411081344/tools/bin/../lib/gcc/arm-none-eabi/13.3.1/../../../../arm-none-eabi/lib/thumb/v7e-m+fp/hard/crt0.o (exit)
C:/ST/STM32CubeIDE_1.19.0/STM32CubeIDE/plugins/com.st.stm32cube.ide.mcu.externaltools.gnu-tools-for-stm32.13.3.rel1.win32_1.0.0.202411081344/tools/bin/../lib/gcc/arm-none-eabi/13.3.1/../../../../arm-none-eabi/lib/thumb/v7e-m+fp/hard\libc_nano.a(libc_a-nano-vfprintf_float.o)
                              (_printf_float)
C:/ST/STM32CubeIDE_1.19.0/STM32CubeIDE/plugins/com.st.stm32cube.ide.mcu.externaltools.gnu-tools-for-stm32.13.3.rel1.win32_1.0.0.202411081344/tools/bin/../lib/gcc/arm-none-eabi/13.3.1/../../../../arm-none-eabi/lib/thumb/v7e-m+fp/hard\libc_nano.a(libc_a-nano-vfprintf_i.o)
                              C:/ST/STM32CubeIDE_1.19.0/STM32CubeIDE/plugins/com.st.stm32cube.ide.mcu.externaltools.gnu-tools-for-stm32.13.3.rel1.win32_1.0.0.202411081344/tools/bin/../lib/gcc/arm-none-eabi/13.3.1/../../../../arm-none-eabi/lib/thumb/v7e-m+fp/hard\libc_nano.a(libc_a-nano-vfprintf_float.o) (_printf_common)
C:/ST/STM32CubeIDE_1.19.0/STM32CubeIDE/plugins/com.st.stm32cube.ide.mcu.externaltools.gnu-tools-for-stm32.13.3.rel1.win32_1.0.0.202411081344/tools/bin/../lib/gcc/arm-none-eabi/13.3.1/../../../../arm-none-eabi/lib/thumb/v7e-m+fp/hard\libc_nano.a(libc_a-findfp.o)
                              C:/ST/STM32CubeIDE_1.19.0/STM32CubeIDE/plugins/com.st.stm32cube.ide.mcu.externaltools.gnu-tools-for-stm32.13.3.rel1.win32_1.0.0.202411081344/tools/bin/../lib/gcc/arm-none-eabi/13.3.1/../../../../arm-none-eabi/lib/thumb/v7e-m+fp/hard\libc_nano.a(libc_a-exit.o) (__stdio_exit_handler)
C:/ST/STM32CubeIDE_1.19.0/STM32CubeIDE/plugins/com.st.stm32cube.ide.mcu.externaltools.gnu-tools-for-stm32.13.3.rel1.win32_1.0.0.202411081344/tools/bin/../lib/gcc/arm-none-eabi/13.3.1/../../../../arm-none-eabi/lib/thumb/v7e-m+fp/hard\libc_nano.a(libc_a-fprintf.o)
                              C:/ST/STM32CubeIDE_1.19.0/STM32CubeIDE/plugins/com.st.stm32cube.ide.mcu.externaltools.gnu-tools-for-stm32.13.3.rel1.win32_1.0.0.202411081344/tools/bin/../lib/gcc/arm-none-eabi/13.3.1/../../../../arm-none-eabi/lib/thumb/v7e-m+fp/hard\libc_nano.a(libc_a-assert.o) (fiprintf)
C:/ST/STM32CubeIDE_1.19.0/STM32CubeIDE/plugins/com.st.stm32cube.ide.mcu.externaltools.gnu-tools-for-stm32.13.3.rel1.win32_1.0.0.202411081344/tools/bin/../lib/gcc/arm-none-eabi/13.3.1/../../../../arm-none-eabi/lib/thumb/v7e-m+fp/hard\libc_nano.a(libc_a-fwalk.o)
                              C:/ST/STM32CubeIDE_1.19.0/STM32CubeIDE/plugins/com.st.stm32cube.ide.mcu.externaltools.gnu-tools-for-stm32.13.3.rel1.win32_1.0.0.202411081344/tools/bin/../lib/gcc/arm-none-eabi/13.3.1/../../../../arm-none-eabi/lib/thumb/v7e-m+fp/hard\libc_nano.a(libc_a-findfp.o) (_fwalk_sglue)
C:/ST/STM32CubeIDE_1.19.0/STM32CubeIDE/plugins/com.st.stm32cube.ide.mcu.externaltools.gnu-tools-for-stm32.13.3.rel1.win32_1.0.0.202411081344/tools/bin/../lib/gcc/arm-none-eabi/13.3.1/../../../../arm-none-eabi/lib/thumb/v7e-m+fp/hard\libc_nano.a(libc_a-printf.o)
                              ./drivers/bsp/stm32g4_flash.o (printf)
C:/ST/STM32CubeIDE_1.19.0/STM32CubeIDE/plugins/com.st.stm32cube.ide.mcu.externaltools.gnu-tools-for-stm32.13.3.rel1.win32_1.0.0.202411081344/tools/bin/../lib/gcc/arm-none-eabi/13.3.1/../../../../arm-none-eabi/lib/thumb/v7e-m+fp/hard\libc_nano.a(libc_a-setvbuf.o)
                              ./drivers/bsp/stm32g4_uart.o (setvbuf)
C:/ST/STM32CubeIDE_1.19.0/STM32CubeIDE/plugins/com.st.stm32cube.ide.mcu.externaltools.gnu-tools-for-stm32.13.3.rel1.win32_1.0.0.202411081344/tools/bin/../lib/gcc/arm-none-eabi/13.3.1/../../../../arm-none-eabi/lib/thumb/v7e-m+fp/hard\libc_nano.a(libc_a-stdio.o)
                              C:/ST/STM32CubeIDE_1.19.0/STM32CubeIDE/plugins/com.st.stm32cube.ide.mcu.externaltools.gnu-tools-for-stm32.13.3.rel1.win32_1.0.0.202411081344/tools/bin/../lib/gcc/arm-none-eabi/13.3.1/../../../../arm-none-eabi/lib/thumb/v7e-m+fp/hard\libc_nano.a(libc_a-findfp.o) (__sread)
[...]
Memory Configuration

Name             Origin             Length             Attributes
RAM              0x20000000         0x00008000         xrw
START            0x08000000         0x00000800         xr
BOOTLOADER       0x08000800         0x00000800         xr
FLASH            0x08001000         0x0001e800         xr
VIRTUAL_EEPROM   0x0801f800         0x00000800         xr
*default*        0x00000000         0xffffffff

Linker script and memory map

LOAD C:/ST/STM32CubeIDE_1.19.0/STM32CubeIDE/plugins/com.st.stm32cube.ide.mcu.externaltools.gnu-tools-for-stm32.13.3.rel1.win32_1.0.0.202411081344/tools/bin/../lib/gcc/arm-none-eabi/13.3.1/thumb/v7e-m+fp/hard/crti.o
LOAD C:/ST/STM32CubeIDE_1.19.0/STM32CubeIDE/plugins/com.st.stm32cube.ide.mcu.externaltools.gnu-tools-for-stm32.13.3.rel1.win32_1.0.0.202411081344/tools/bin/../lib/gcc/arm-none-eabi/13.3.1/thumb/v7e-m+fp/hard/crtbegin.o
LOAD C:/ST/STM32CubeIDE_1.19.0/STM32CubeIDE/plugins/com.st.stm32cube.ide.mcu.externaltools.gnu-tools-for-stm32.13.3.rel1.win32_1.0.0.202411081344/tools/bin/../lib/gcc/arm-none-eabi/13.3.1/../../../../arm-none-eabi/lib/thumb/v7e-m+fp/hard/crt0.o
LOAD ./app/main.o
LOAD ./core/Src/stm32g4xx_it.o
LOAD ./core/Src/syscalls.o
LOAD ./core/Src/sysmem.o
LOAD ./core/Src/system_stm32g4xx.o
LOAD ./core/Startup/bootloader.o
LOAD ./core/Startup/startup_stm32g431kbtx.o
LOAD ./drivers/bsp/MPU6050/stm32g4_mpu6050.o
LOAD ./drivers/bsp/stm32g4_adc.o
LOAD ./drivers/bsp/stm32g4_dac.o
LOAD ./drivers/bsp/stm32g4_extit.o
LOAD ./drivers/bsp/stm32g4_flash.o
LOAD ./drivers/bsp/stm32g4_gpio.o
LOAD ./drivers/bsp/stm32g4_i2c.o
LOAD ./drivers/bsp/stm32g4_rtc.o
LOAD ./drivers/bsp/stm32g4_spi.o
LOAD ./drivers/bsp/stm32g4_sys.o
LOAD ./drivers/bsp/stm32g4_systick.o
LOAD ./drivers/bsp/stm32g4_timer.o
LOAD ./drivers/bsp/stm32g4_uart.o
LOAD ./drivers/bsp/tft_ili9341/stm32g4_fonts.o
LOAD ./drivers/bsp/tft_ili9341/stm32g4_ili9341.o
LOAD ./drivers/bsp/tft_ili9341/stm32g4_xpt2046.o
LOAD ./drivers/stm32g4xx_hal/Src/stm32g4xx_hal.o
LOAD ./drivers/stm32g4xx_hal/Src/stm32g4xx_hal_adc.o
LOAD ./drivers/stm32g4xx_hal/Src/stm32g4xx_hal_adc_ex.o
LOAD ./drivers/stm32g4xx_hal/Src/stm32g4xx_hal_cortex.o
LOAD ./drivers/stm32g4xx_hal/Src/stm32g4xx_hal_dac.o
LOAD ./drivers/stm32g4xx_hal/Src/stm32g4xx_hal_dac_ex.o
LOAD ./drivers/stm32g4xx_hal/Src/stm32g4xx_hal_dma.o
LOAD ./drivers/stm32g4xx_hal/Src/stm32g4xx_hal_dma_ex.o
LOAD ./drivers/stm32g4xx_hal/Src/stm32g4xx_hal_exti.o
LOAD ./drivers/stm32g4xx_hal/Src/stm32g4xx_hal_flash.o
LOAD ./drivers/stm32g4xx_hal/Src/stm32g4xx_hal_flash_ex.o
LOAD ./drivers/stm32g4xx_hal/Src/stm32g4xx_hal_flash_ramfunc.o
LOAD ./drivers/stm32g4xx_hal/Src/stm32g4xx_hal_gpio.o
LOAD ./drivers/stm32g4xx_hal/Src/stm32g4xx_hal_i2c.o
LOAD ./drivers/stm32g4xx_hal/Src/stm32g4xx_hal_i2c_ex.o
LOAD ./drivers/stm32g4xx_hal/Src/stm32g4xx_hal_pwr.o
LOAD ./drivers/stm32g4xx_hal/Src/stm32g4xx_hal_pwr_ex.o
LOAD ./drivers/stm32g4xx_hal/Src/stm32g4xx_hal_rcc.o
LOAD ./drivers/stm32g4xx_hal/Src/stm32g4xx_hal_rcc_ex.o
LOAD ./drivers/stm32g4xx_hal/Src/stm32g4xx_hal_rng.o
LOAD ./drivers/stm32g4xx_hal/Src/stm32g4xx_hal_rtc.o
LOAD ./drivers/stm32g4xx_hal/Src/stm32g4xx_hal_rtc_ex.o
LOAD ./drivers/stm32g4xx_hal/Src/stm32g4xx_hal_spi.o
LOAD ./drivers/stm32g4xx_hal/Src/stm32g4xx_hal_spi_ex.o
LOAD ./drivers/stm32g4xx_hal/Src/stm32g4xx_hal_tim.o
LOAD ./drivers/stm32g4xx_hal/Src/stm32g4xx_hal_tim_ex.o
LOAD ./drivers/stm32g4xx_hal/Src/stm32g4xx_hal_uart.o
LOAD ./drivers/stm32g4xx_hal/Src/stm32g4xx_hal_uart_ex.o
LOAD ./drivers/stm32g4xx_hal/Src/stm32g4xx_ll_adc.o
START GROUP
LOAD C:/ST/STM32CubeIDE_1.19.0/STM32CubeIDE/plugins/com.st.stm32cube.ide.mcu.externaltools.gnu-tools-for-stm32.13.3.rel1.win32_1.0.0.202411081344/tools/bin/../lib/gcc/arm-none-eabi/13.3.1/../../../../arm-none-eabi/lib/thumb/v7e-m+fp/hard\libc_nano.a
LOAD C:/ST/STM32CubeIDE_1.19.0/STM32CubeIDE/plugins/com.st.stm32cube.ide.mcu.externaltools.gnu-tools-for-stm32.13.3.rel1.win32_1.0.0.202411081344/tools/bin/../lib/gcc/arm-none-eabi/13.3.1/../../../../arm-none-eabi/lib/thumb/v7e-m+fp/hard\libm.a
END GROUP
START GROUP
LOAD C:/ST/STM32CubeIDE_1.19.0/STM32CubeIDE/plugins/com.st.stm32cube.ide.mcu.externaltools.gnu-tools-for-stm32.13.3.rel1.win32_1.0.0.202411081344/tools/bin/../lib/gcc/arm-none-eabi/13.3.1/thumb/v7e-m+fp/hard\libgcc.a
LOAD C:/ST/STM32CubeIDE_1.19.0/STM32CubeIDE/plugins/com.st.stm32cube.ide.mcu.externaltools.gnu-tools-for-stm32.13.3.rel1.win32_1.0.0.202411081344/tools/bin/../lib/gcc/arm-none-eabi/13.3.1/../../../../arm-none-eabi/lib/thumb/v7e-m+fp/hard\libc_nano.a
END GROUP
START GROUP
LOAD C:/ST/STM32CubeIDE_1.19.0/STM32CubeIDE/plugins/com.st.stm32cube.ide.mcu.externaltools.gnu-tools-for-stm32.13.3.rel1.win32_1.0.0.202411081344/tools/bin/../lib/gcc/arm-none-eabi/13.3.1/thumb/v7e-m+fp/hard\libgcc.a
LOAD C:/ST/STM32CubeIDE_1.19.0/STM32CubeIDE/plugins/com.st.stm32cube.ide.mcu.externaltools.gnu-tools-for-stm32.13.3.rel1.win32_1.0.0.202411081344/tools/bin/../lib/gcc/arm-none-eabi/13.3.1/../../../../arm-none-eabi/lib/thumb/v7e-m+fp/hard\libc_nano.a
LOAD C:/ST/STM32CubeIDE_1.19.0/STM32CubeIDE/plugins/com.st.stm32cube.ide.mcu.externaltools.gnu-tools-for-stm32.13.3.rel1.win32_1.0.0.202411081344/tools/bin/../lib/gcc/arm-none-eabi/13.3.1/../../../../arm-none-eabi/lib/thumb/v7e-m+fp/hard\libnosys.a
END GROUP
START GROUP
LOAD C:/ST/STM32CubeIDE_1.19.0/STM32CubeIDE/plugins/com.st.stm32cube.ide.mcu.externaltools.gnu-tools-for-stm32.13.3.rel1.win32_1.0.0.202411081344/tools/bin/../lib/gcc/arm-none-eabi/13.3.1/thumb/v7e-m+fp/hard\libgcc.a
LOAD C:/ST/STM32CubeIDE_1.19.0/STM32CubeIDE/plugins/com.st.stm32cube.ide.mcu.externaltools.gnu-tools-for-stm32.13.3.rel1.win32_1.0.0.202411081344/tools/bin/../lib/gcc/arm-none-eabi/13.3.1/../../../../arm-none-eabi/lib/thumb/v7e-m+fp/hard\libc_nano.a
LOAD C:/ST/STM32CubeIDE_1.19.0/STM32CubeIDE/plugins/com.st.stm32cube.ide.mcu.externaltools.gnu-tools-for-stm32.13.3.rel1.win32_1.0.0.202411081344/tools/bin/../lib/gcc/arm-none-eabi/13.3.1/../../../../arm-none-eabi/lib/thumb/v7e-m+fp/hard\libnosys.a
END GROUP
LOAD C:/ST/STM32CubeIDE_1.19.0/STM32CubeIDE/plugins/com.st.stm32cube.ide.mcu.externaltools.gnu-tools-for-stm32.13.3.rel1.win32_1.0.0.202411081344/tools/bin/../lib/gcc/arm-none-eabi/13.3.1/thumb/v7e-m+fp/hard/crtend.o
LOAD C:/ST/STM32CubeIDE_1.19.0/STM32CubeIDE/plugins/com.st.stm32cube.ide.mcu.externaltools.gnu-tools-for-stm32.13.3.rel1.win32_1.0.0.202411081344/tools/bin/../lib/gcc/arm-none-eabi/13.3.1/thumb/v7e-m+fp/hard/crtn.o
                0x20008000                        _estack = (ORIGIN (RAM) + LENGTH (RAM))
                0x00000200                        _Min_Heap_Size = 0x200
                0x00000400                        _Min_Stack_Size = 0x400
                0x20007c00                        __Stack_Init = (_estack - _Min_Stack_Size)

.isr_vector     0x08000000      0x1d8
                0x08000000                        . = ALIGN (0x4)
 *(.isr_vector)
 .isr_vector    0x08000000      0x1d8 ./core/Startup/startup_stm32g431kbtx.o
                0x08000000                g_pfnVectors
                0x080001d8                        . = ALIGN (0x4)

.startup        0x080001d8       0x84
                0x080001d8                        . = ALIGN (0x4)
 *(.startup)
 .startup       0x080001d8        0xe ./core/Startup/startup_stm32g431kbtx.o
                0x080001d8                Delay_us
 *(.startup*)
 *fill*         0x080001e6        0x2 
 .startup.Reset_Handler
                0x080001e8       0x70 ./core/Startup/startup_stm32g431kbtx.o
                0x080001e8                Reset_Handler
 .startup.Default_Handler
                0x08000258        0x2 ./core/Startup/startup_stm32g431kbtx.o
                0x08000258                RTC_Alarm_IRQHandler
                0x08000258                TIM8_TRG_COM_IRQHandler
                0x08000258                TIM8_CC_IRQHandler
                0x08000258                TIM1_CC_IRQHandler
                0x08000258                USB_HP_IRQHandler
                0x08000258                CORDIC_IRQHandler
                0x08000258                I2C3_ER_IRQHandler
                0x08000258                I2C2_EV_IRQHandler
                0x08000258                FPU_IRQHandler
                0x08000258                FDCAN1_IT1_IRQHandler
                0x08000258                ADC1_2_IRQHandler
                0x08000258                SPI1_IRQHandler
                0x08000258                TIM8_UP_IRQHandler
                0x08000258                DMA2_Channel2_IRQHandler
                0x08000258                DMA1_Channel4_IRQHandler
                0x08000258                USART3_IRQHandler
                0x08000258                DMA2_Channel1_IRQHandler
                0x08000258                I2C1_EV_IRQHandler
                0x08000258                DMA1_Channel6_IRQHandler
                0x08000258                UART4_IRQHandler
                0x08000258                DMA2_Channel4_IRQHandler
                0x08000258                RCC_IRQHandler
                0x08000258                DMA1_Channel1_IRQHandler
                0x08000258                Default_Handler
                0x08000258                RTC_TAMP_LSECSS_IRQHandler
                0x08000258                FMAC_IRQHandler
                0x08000258                TIM7_IRQHandler
                0x08000258                UCPD1_IRQHandler
                0x08000258                I2C3_EV_IRQHandler
                0x08000258                RTC_WKUP_IRQHandler
                0x08000258                PVD_PVM_IRQHandler
                0x08000258                SPI2_IRQHandler
                0x08000258                DMA2_Channel5_IRQHandler
                0x08000258                CRS_IRQHandler
                0x08000258                DMA1_Channel5_IRQHandler
                0x08000258                USB_LP_IRQHandler
                0x08000258                RNG_IRQHandler
                0x08000258                TIM1_TRG_COM_TIM17_IRQHandler
                0x08000258                DMA1_Channel3_IRQHandler
                0x08000258                WWDG_IRQHandler
                0x08000258                LPUART1_IRQHandler
                0x08000258                DMA2_Channel6_IRQHandler
                0x08000258                FDCAN1_IT0_IRQHandler
                0x08000258                COMP1_2_3_IRQHandler
                0x08000258                I2C2_ER_IRQHandler
                0x08000258                DMA1_Channel2_IRQHandler
                0x08000258                TIM8_BRK_IRQHandler
                0x08000258                FLASH_IRQHandler
                0x08000258                SPI3_IRQHandler
                0x08000258                I2C1_ER_IRQHandler
                0x08000258                LPTIM1_IRQHandler
                0x08000258                DMAMUX_OVR_IRQHandler
                0x08000258                USBWakeUp_IRQHandler
                0x08000258                SAI1_IRQHandler
                0x08000258                DMA2_Channel3_IRQHandler
                0x08000258                COMP4_IRQHandler
                0x08000258                TIM1_BRK_TIM15_IRQHandler
                0x0800025c                        . = ALIGN (0x4)
 *fill*         0x0800025a        0x2 

.bootloader     0x08000800      0x690
                0x08000800                        . = ALIGN (0x4)
 *(.bootloader.begin)
 .bootloader.begin
                0x08000800      0x27c ./core/Startup/bootloader.o
                0x08000800                bootloader
 *(.bootloader)
 .bootloader    0x08000a7c      0x414 ./core/Startup/bootloader.o
                0x08000e90                        . = ALIGN (0x4)

.text           0x08001000     0x63d4
                0x08001000                        . = ALIGN (0x4)
 *(.text)
 .text          0x08001000       0x40 C:/ST/STM32CubeIDE_1.19.0/STM32CubeIDE/plugins/com.st.stm32cube.ide.mcu.externaltools.gnu-tools-for-stm32.13.3.rel1.win32_1.0.0.202411081344/tools/bin/../lib/gcc/arm-none-eabi/13.3.1/thumb/v7e-m+fp/hard/crtbegin.o
 .text          0x08001040       0xa0 C:/ST/STM32CubeIDE_1.19.0/STM32CubeIDE/plugins/com.st.stm32cube.ide.mcu.externaltools.gnu-tools-for-stm32.13.3.rel1.win32_1.0.0.202411081344/tools/bin/../lib/gcc/arm-none-eabi/13.3.1/../../../../arm-none-eabi/lib/thumb/v7e-m+fp/hard\libc_nano.a(libc_a-memchr.o)
                0x08001040                memchr
 .text          0x080010e0       0x10 C:/ST/STM32CubeIDE_1.19.0/STM32CubeIDE/plugins/com.st.stm32cube.ide.mcu.externaltools.gnu-tools-for-stm32.13.3.rel1.win32_1.0.0.202411081344/tools/bin/../lib/gcc/arm-none-eabi/13.3.1/../../../../arm-none-eabi/lib/thumb/v7e-m+fp/hard\libc_nano.a(libc_a-strlen.o)
                0x080010e0                strlen
 .text          0x080010f0      0x378 C:/ST/STM32CubeIDE_1.19.0/STM32CubeIDE/plugins/com.st.stm32cube.ide.mcu.externaltools.gnu-tools-for-stm32.13.3.rel1.win32_1.0.0.202411081344/tools/bin/../lib/gcc/arm-none-eabi/13.3.1/thumb/v7e-m+fp/hard\libgcc.a(_arm_addsubdf3.o)
                0x080010f0                __aeabi_drsub
                0x080010f8                __aeabi_dsub
                0x080010f8                __subdf3
                0x080010fc                __aeabi_dadd
                0x080010fc                __adddf3
                0x08001374                __floatunsidf
                0x08001374                __aeabi_ui2d
                0x08001394                __floatsidf
                0x08001394                __aeabi_i2d
                0x080013b8                __aeabi_f2d
                0x080013b8                __extendsfdf2
                0x080013fc                __floatundidf
                0x080013fc                __aeabi_ul2d
                0x0800140c                __floatdidf
                0x0800140c                __aeabi_l2d
 .text          0x08001468      0x424 C:/ST/STM32CubeIDE_1.19.0/STM32CubeIDE/plugins/com.st.stm32cube.ide.mcu.externaltools.gnu-tools-for-stm32.13.3.rel1.win32_1.0.0.202411081344/tools/bin/../lib/gcc/arm-none-eabi/13.3.1/thumb/v7e-m+fp/hard\libgcc.a(_arm_muldivdf3.o)
                0x08001468                __aeabi_dmul
                0x08001468                __muldf3
                0x080016bc                __divdf3
                0x080016bc                __aeabi_ddiv
 .text          0x0800188c      0x110 C:/ST/STM32CubeIDE_1.19.0/STM32CubeIDE/plugins/com.st.stm32cube.ide.mcu.externaltools.gnu-tools-for-stm32.13.3.rel1.win32_1.0.0.202411081344/tools/bin/../lib/gcc/arm-none-eabi/13.3.1/thumb/v7e-m+fp/hard\libgcc.a(_arm_cmpdf2.o)
                0x0800188c                __gtdf2
                0x0800188c                __gedf2
                0x08001894                __ltdf2
                0x08001894                __ledf2
                0x0800189c                __nedf2
                0x0800189c                __eqdf2
                0x0800189c                __cmpdf2
                0x08001918                __aeabi_cdrcmple
                0x08001928                __aeabi_cdcmpeq
                0x08001928                __aeabi_cdcmple
                0x08001938                __aeabi_dcmpeq
                0x0800194c                __aeabi_dcmplt
                0x08001960                __aeabi_dcmple
                0x08001974                __aeabi_dcmpge
                0x08001988                __aeabi_dcmpgt
 .text          0x0800199c       0x2c C:/ST/STM32CubeIDE_1.19.0/STM32CubeIDE/plugins/com.st.stm32cube.ide.mcu.externaltools.gnu-tools-for-stm32.13.3.rel1.win32_1.0.0.202411081344/tools/bin/../lib/gcc/arm-none-eabi/13.3.1/thumb/v7e-m+fp/hard\libgcc.a(_arm_unorddf2.o)
                0x0800199c                __unorddf2
                0x0800199c                __aeabi_dcmpun
 .text          0x080019c8       0x50 C:/ST/STM32CubeIDE_1.19.0/STM32CubeIDE/plugins/com.st.stm32cube.ide.mcu.externaltools.gnu-tools-for-stm32.13.3.rel1.win32_1.0.0.202411081344/tools/bin/../lib/gcc/arm-none-eabi/13.3.1/thumb/v7e-m+fp/hard\libgcc.a(_arm_fixdfsi.o)
                0x080019c8                __aeabi_d2iz
                0x080019c8                __fixdfsi
 .text          0x08001a18       0x30 C:/ST/STM32CubeIDE_1.19.0/STM32CubeIDE/plugins/com.st.stm32cube.ide.mcu.externaltools.gnu-tools-for-stm32.13.3.rel1.win32_1.0.0.202411081344/tools/bin/../lib/gcc/arm-none-eabi/13.3.1/thumb/v7e-m+fp/hard\libgcc.a(_aeabi_uldivmod.o)
                0x08001a18                __aeabi_uldivmod
 .text          0x08001a48      0x2f8 C:/ST/STM32CubeIDE_1.19.0/STM32CubeIDE/plugins/com.st.stm32cube.ide.mcu.externaltools.gnu-tools-for-stm32.13.3.rel1.win32_1.0.0.202411081344/tools/bin/../lib/gcc/arm-none-eabi/13.3.1/thumb/v7e-m+fp/hard\libgcc.a(_udivmoddi4.o)
                0x08001a48                __udivmoddi4
 .text          0x08001d40        0x4 C:/ST/STM32CubeIDE_1.19.0/STM32CubeIDE/plugins/com.st.stm32cube.ide.mcu.externaltools.gnu-tools-for-stm32.13.3.rel1.win32_1.0.0.202411081344/tools/bin/../lib/gcc/arm-none-eabi/13.3.1/thumb/v7e-m+fp/hard\libgcc.a(_dvmd_tls.o)
                0x08001d40                __aeabi_idiv0
                0x08001d40                __aeabi_ldiv0
 *(.text*)
 .text.main     0x08001d44       0x6c ./app/main.o
                0x08001d44                main
 .text.NMI_Handler
                0x08001db0        0x2 ./core/Src/stm32g4xx_it.o
                0x08001db0                NMI_Handler
 .text.HardFault_Handler
                0x08001db2        0x2 ./core/Src/stm32g4xx_it.o
                0x08001db2                HardFault_Handler
 .text.MemManage_Handler
                0x08001db4        0x2 ./core/Src/stm32g4xx_it.o
                0x08001db4                MemManage_Handler
 .text.BusFault_Handler
                0x08001db6        0x2 ./core/Src/stm32g4xx_it.o
                0x08001db6                BusFault_Handler
 .text.UsageFault_Handler
                0x08001db8        0x2 ./core/Src/stm32g4xx_it.o
                0x08001db8                UsageFault_Handler
 .text.SVC_Handler
                0x08001dba        0x2 ./core/Src/stm32g4xx_it.o
                0x08001dba                SVC_Handler
 .text.DebugMon_Handler
                0x08001dbc        0x2 ./core/Src/stm32g4xx_it.o
                0x08001dbc                DebugMon_Handler
 .text.PendSV_Handler
                0x08001dbe        0x2 ./core/Src/stm32g4xx_it.o
                0x08001dbe                PendSV_Handler
 .text._getpid  0x08001dc0        0x4 ./core/Src/syscalls.o
                0x08001dc0                _getpid
 .text._kill    0x08001dc4       0x10 ./core/Src/syscalls.o
                0x08001dc4                _kill
 .text._exit    0x08001dd4        0xc ./core/Src/syscalls.o
                0x08001dd4                _exit
 .text._close   0x08001de0        0x6 ./core/Src/syscalls.o
                0x08001de0                _close
 .text._fstat   0x08001de6        0xa ./core/Src/syscalls.o
                0x08001de6                _fstat
 .text._isatty  0x08001df0        0x4 ./core/Src/syscalls.o
                0x08001df0                _isatty
 .text._lseek   0x08001df4        0x4 ./core/Src/syscalls.o
                0x08001df4                _lseek
 .text._sbrk    0x08001df8       0x48 ./core/Src/sysmem.o
                0x08001df8                _sbrk
 .text.SystemInit
                0x08001e40       0x14 ./core/Src/system_stm32g4xx.o
                0x08001e40                SystemInit
 .text.call_extit_user_callback
                0x08001e54       0x34 ./drivers/bsp/stm32g4_extit.o
 .text.EXTI0_IRQHandler
                0x08001e88        0xa ./drivers/bsp/stm32g4_extit.o
                0x08001e88                EXTI0_IRQHandler
 .text.EXTI1_IRQHandler
                0x08001e92        0xa ./drivers/bsp/stm32g4_extit.o
                0x08001e92                EXTI1_IRQHandler
 .text.EXTI2_IRQHandler
                0x08001e9c        0xa ./drivers/bsp/stm32g4_extit.o
                0x08001e9c                EXTI2_IRQHandler
 .text.EXTI3_IRQHandler
                0x08001ea6        0xa ./drivers/bsp/stm32g4_extit.o
                0x08001ea6                EXTI3_IRQHandler
 .text.EXTI4_IRQHandler
                0x08001eb0        0xa ./drivers/bsp/stm32g4_extit.o
                0x08001eb0                EXTI4_IRQHandler
 .text.EXTI9_5_IRQHandler
                0x08001eba       0x22 ./drivers/bsp/stm32g4_extit.o
                0x08001eba                EXTI9_5_IRQHandler
 .text.EXTI15_10_IRQHandler
                0x08001edc       0x28 ./drivers/bsp/stm32g4_extit.o
                0x08001edc                EXTI15_10_IRQHandler
 .text.BSP_GPIO_enable
                0x08001f04       0x68 ./drivers/bsp/stm32g4_gpio.o
                0x08001f04                BSP_GPIO_enable
 .text.BSP_GPIO_pin_config
                0x08001f6c       0x48 ./drivers/bsp/stm32g4_gpio.o
                0x08001f6c                BSP_GPIO_pin_config
 .text.BSP_SYS_set_std_usart
                0x08001fb4       0x30 ./drivers/bsp/stm32g4_sys.o
                0x08001fb4                BSP_SYS_set_std_usart
 .text._read    0x08001fe4       0x48 ./drivers/bsp/stm32g4_sys.o
                0x08001fe4                _read
 .text._write   0x0800202c       0x5c ./drivers/bsp/stm32g4_sys.o
                0x0800202c                _write
 .text.Error_Handler
                0x08002088        0x4 ./drivers/bsp/stm32g4_sys.o
                0x08002088                Error_Handler
 .text.SystemClock_Config
                0x0800208c       0x70 ./drivers/bsp/stm32g4_sys.o
                0x0800208c                SystemClock_Config
 .text.HAL_MspInit
                0x080020fc       0x38 ./drivers/bsp/stm32g4_sys.o
                0x080020fc                HAL_MspInit
 .text.BSP_systick_init
                0x08002134       0x34 ./drivers/bsp/stm32g4_systick.o
                0x08002134                BSP_systick_init
 .text.SysTick_Handler
                0x08002168       0x38 ./drivers/bsp/stm32g4_systick.o
                0x08002168                SysTick_Handler
 .text.TIMER1_user_handler_it
                0x080021a0        0x2 ./drivers/bsp/stm32g4_timer.o
                0x080021a0                TIMER1_user_handler_it
 .text.TIMER2_user_handler_it
                0x080021a2        0x2 ./drivers/bsp/stm32g4_timer.o
                0x080021a2                TIMER2_user_handler_it
 .text.TIMER3_user_handler_it
                0x080021a4        0x2 ./drivers/bsp/stm32g4_timer.o
                0x080021a4                TIMER3_user_handler_it
 .text.TIMER4_user_handler_it
                0x080021a6        0x2 ./drivers/bsp/stm32g4_timer.o
                0x080021a6                TIMER4_user_handler_it
 .text.TIMER6_user_handler_it
                0x080021a8        0x2 ./drivers/bsp/stm32g4_timer.o
                0x080021a8                TIMER6_user_handler_it
 *fill*         0x080021aa        0x2 
 .text.TIM1_UP_TIM16_IRQHandler
                0x080021ac       0x20 ./drivers/bsp/stm32g4_timer.o
                0x080021ac                TIM1_UP_TIM16_IRQHandler
 .text.TIM2_IRQHandler
                0x080021cc       0x20 ./drivers/bsp/stm32g4_timer.o
                0x080021cc                TIM2_IRQHandler
 .text.TIM3_IRQHandler
                0x080021ec       0x24 ./drivers/bsp/stm32g4_timer.o
                0x080021ec                TIM3_IRQHandler
 .text.TIM4_IRQHandler
                0x08002210       0x24 ./drivers/bsp/stm32g4_timer.o
                0x08002210                TIM4_IRQHandler
 .text.TIM6_DAC_IRQHandler
                0x08002234       0x24 ./drivers/bsp/stm32g4_timer.o
                0x08002234                TIM6_DAC_IRQHandler
 .text.__NVIC_EnableIRQ
                0x08002258       0x1c ./drivers/bsp/stm32g4_uart.o
 .text.__NVIC_DisableIRQ
                0x08002274       0x24 ./drivers/bsp/stm32g4_uart.o
 .text.BSP_UART_data_ready
                0x08002298       0x28 ./drivers/bsp/stm32g4_uart.o
                0x08002298                BSP_UART_data_ready
 .text.BSP_UART_get_next_byte
                0x080022c0       0x80 ./drivers/bsp/stm32g4_uart.o
                0x080022c0                BSP_UART_get_next_byte
 .text.BSP_UART_putc
                0x08002340       0x6c ./drivers/bsp/stm32g4_uart.o
                0x08002340                BSP_UART_putc
 .text.BSP_UART_init
                0x080023ac      0x138 ./drivers/bsp/stm32g4_uart.o
                0x080023ac                BSP_UART_init
 .text.HAL_UART_MspInit
                0x080024e4       0xd4 ./drivers/bsp/stm32g4_uart.o
                0x080024e4                HAL_UART_MspInit
 .text.USART1_IRQHandler
                0x080025b8       0x10 ./drivers/bsp/stm32g4_uart.o
                0x080025b8                USART1_IRQHandler
 .text.USART2_IRQHandler
                0x080025c8       0x10 ./drivers/bsp/stm32g4_uart.o
                0x080025c8                USART2_IRQHandler
 .text.HAL_UART_ErrorCallback
                0x080025d8       0x1e ./drivers/bsp/stm32g4_uart.o
                0x080025d8                HAL_UART_ErrorCallback
 *fill*         0x080025f6        0x2 
 .text.HAL_UART_RxCpltCallback
                0x080025f8       0x78 ./drivers/bsp/stm32g4_uart.o
                0x080025f8                HAL_UART_RxCpltCallback
 .text.HAL_InitTick
                0x08002670       0x50 ./drivers/stm32g4xx_hal/Src/stm32g4xx_hal.o
                0x08002670                HAL_InitTick
 .text.HAL_Init
                0x080026c0       0x1e ./drivers/stm32g4xx_hal/Src/stm32g4xx_hal.o
                0x080026c0                HAL_Init
 *fill*         0x080026de        0x2 
 .text.HAL_IncTick
                0x080026e0       0x18 ./drivers/stm32g4xx_hal/Src/stm32g4xx_hal.o
                0x080026e0                HAL_IncTick
 .text.HAL_GetTick
                0x080026f8        0xc ./drivers/stm32g4xx_hal/Src/stm32g4xx_hal.o
                0x080026f8                HAL_GetTick
 .text.__NVIC_EnableIRQ
                0x08002704       0x1c ./drivers/stm32g4xx_hal/Src/stm32g4xx_hal_cortex.o
 .text.__NVIC_SetPriority
                0x08002720       0x28 ./drivers/stm32g4xx_hal/Src/stm32g4xx_hal_cortex.o
 .text.NVIC_EncodePriority
                0x08002748       0x3e ./drivers/stm32g4xx_hal/Src/stm32g4xx_hal_cortex.o
 *fill*         0x08002786        0x2 
 .text.HAL_NVIC_SetPriorityGrouping
                0x08002788       0x24 ./drivers/stm32g4xx_hal/Src/stm32g4xx_hal_cortex.o
                0x08002788                HAL_NVIC_SetPriorityGrouping
 .text.HAL_NVIC_SetPriority
                0x080027ac       0x20 ./drivers/stm32g4xx_hal/Src/stm32g4xx_hal_cortex.o
                0x080027ac                HAL_NVIC_SetPriority
 .text.HAL_NVIC_EnableIRQ
                0x080027cc        0x8 ./drivers/stm32g4xx_hal/Src/stm32g4xx_hal_cortex.o
                0x080027cc                HAL_NVIC_EnableIRQ
 .text.HAL_SYSTICK_Config
                0x080027d4       0x28 ./drivers/stm32g4xx_hal/Src/stm32g4xx_hal_cortex.o
                0x080027d4                HAL_SYSTICK_Config
 .text.HAL_DMA_Abort
                0x080027fc       0x6c ./drivers/stm32g4xx_hal/Src/stm32g4xx_hal_dma.o
                0x080027fc                HAL_DMA_Abort
 .text.HAL_DMA_Abort_IT
                0x08002868       0x7e ./drivers/stm32g4xx_hal/Src/stm32g4xx_hal_dma.o
                0x08002868                HAL_DMA_Abort_IT
 *fill*         0x080028e6        0x2 
 .text.HAL_GPIO_Init
                0x080028e8      0x1d4 ./drivers/stm32g4xx_hal/Src/stm32g4xx_hal_gpio.o
                0x080028e8                HAL_GPIO_Init
 .text.HAL_GPIO_WritePin
                0x08002abc        0xa ./drivers/stm32g4xx_hal/Src/stm32g4xx_hal_gpio.o
                0x08002abc                HAL_GPIO_WritePin
 *fill*         0x08002ac6        0x2 
 .text.HAL_PWREx_ControlVoltageScaling
                0x08002ac8      0x10c ./drivers/stm32g4xx_hal/Src/stm32g4xx_hal_pwr_ex.o
                0x08002ac8                HAL_PWREx_ControlVoltageScaling
 .text.HAL_PWREx_DisableUCPDDeadBattery
                0x08002bd4       0x10 ./drivers/stm32g4xx_hal/Src/stm32g4xx_hal_pwr_ex.o
                0x08002bd4                HAL_PWREx_DisableUCPDDeadBattery
 .text.RCC_GetSysClockFreqFromPLLSource
                0x08002be4       0x58 ./drivers/stm32g4xx_hal/Src/stm32g4xx_hal_rcc.o
 .text.HAL_RCC_OscConfig
                0x08002c3c      0x4e4 ./drivers/stm32g4xx_hal/Src/stm32g4xx_hal_rcc.o
                0x08002c3c                HAL_RCC_OscConfig
 .text.HAL_RCC_GetSysClockFreq
                0x08003120       0x88 ./drivers/stm32g4xx_hal/Src/stm32g4xx_hal_rcc.o
                0x08003120                HAL_RCC_GetSysClockFreq
 .text.HAL_RCC_ClockConfig
                0x080031a8      0x1f8 ./drivers/stm32g4xx_hal/Src/stm32g4xx_hal_rcc.o
                0x080031a8                HAL_RCC_ClockConfig
 .text.HAL_RCC_GetHCLKFreq
                0x080033a0        0xc ./drivers/stm32g4xx_hal/Src/stm32g4xx_hal_rcc.o
                0x080033a0                HAL_RCC_GetHCLKFreq
 .text.HAL_RCC_GetPCLK1Freq
                0x080033ac       0x24 ./drivers/stm32g4xx_hal/Src/stm32g4xx_hal_rcc.o
                0x080033ac                HAL_RCC_GetPCLK1Freq
 .text.HAL_RCC_GetPCLK2Freq
                0x080033d0       0x24 ./drivers/stm32g4xx_hal/Src/stm32g4xx_hal_rcc.o
                0x080033d0                HAL_RCC_GetPCLK2Freq
 .text.HAL_RCCEx_PeriphCLKConfig
                0x080033f4      0x2e4 ./drivers/stm32g4xx_hal/Src/stm32g4xx_hal_rcc_ex.o
                0x080033f4                HAL_RCCEx_PeriphCLKConfig
 .text.UART_EndRxTransfer
                0x080036d8       0x56 ./drivers/stm32g4xx_hal/Src/stm32g4xx_hal_uart.o
 .text.HAL_UART_TxCpltCallback
                0x0800372e        0x2 ./drivers/stm32g4xx_hal/Src/stm32g4xx_hal_uart.o
                0x0800372e                HAL_UART_TxCpltCallback
 .text.UART_EndTransmit_IT
                0x08003730       0x24 ./drivers/stm32g4xx_hal/Src/stm32g4xx_hal_uart.o
 .text.UART_DMAAbortOnError
                0x08003754       0x14 ./drivers/stm32g4xx_hal/Src/stm32g4xx_hal_uart.o
 .text.HAL_UARTEx_RxEventCallback
                0x08003768        0x2 ./drivers/stm32g4xx_hal/Src/stm32g4xx_hal_uart.o
                0x08003768                HAL_UARTEx_RxEventCallback
 *fill*         0x0800376a        0x2 
 .text.HAL_UART_IRQHandler
                0x0800376c      0x344 ./drivers/stm32g4xx_hal/Src/stm32g4xx_hal_uart.o
                0x0800376c                HAL_UART_IRQHandler
 .text.UART_RxISR_8BIT
                0x08003ab0       0xdc ./drivers/stm32g4xx_hal/Src/stm32g4xx_hal_uart.o
 .text.UART_RxISR_16BIT
                0x08003b8c       0xd8 ./drivers/stm32g4xx_hal/Src/stm32g4xx_hal_uart.o
 .text.UART_RxISR_8BIT_FIFOEN
                0x08003c64      0x1cc ./drivers/stm32g4xx_hal/Src/stm32g4xx_hal_uart.o
 .text.UART_RxISR_16BIT_FIFOEN
                0x08003e30      0x1c8 ./drivers/stm32g4xx_hal/Src/stm32g4xx_hal_uart.o
 .text.UART_SetConfig
                0x08003ff8      0x344 ./drivers/stm32g4xx_hal/Src/stm32g4xx_hal_uart.o
                0x08003ff8                UART_SetConfig
 .text.UART_AdvFeatureConfig
                0x0800433c       0xca ./drivers/stm32g4xx_hal/Src/stm32g4xx_hal_uart.o
                0x0800433c                UART_AdvFeatureConfig
 .text.UART_WaitOnFlagUntilTimeout
                0x08004406       0x9e ./drivers/stm32g4xx_hal/Src/stm32g4xx_hal_uart.o
                0x08004406                UART_WaitOnFlagUntilTimeout
 .text.HAL_UART_Transmit
                0x080044a4       0xd2 ./drivers/stm32g4xx_hal/Src/stm32g4xx_hal_uart.o
                0x080044a4                HAL_UART_Transmit
 .text.UART_CheckIdleState
                0x08004576       0xca ./drivers/stm32g4xx_hal/Src/stm32g4xx_hal_uart.o
                0x08004576                UART_CheckIdleState
 .text.HAL_UART_Init
                0x08004640       0x66 ./drivers/stm32g4xx_hal/Src/stm32g4xx_hal_uart.o
                0x08004640                HAL_UART_Init
 *fill*         0x080046a6        0x2 
 .text.UART_Start_Receive_IT
                0x080046a8      0x13c ./drivers/stm32g4xx_hal/Src/stm32g4xx_hal_uart.o
                0x080046a8                UART_Start_Receive_IT
 .text.HAL_UART_Receive_IT
                0x080047e4       0x4c ./drivers/stm32g4xx_hal/Src/stm32g4xx_hal_uart.o
                0x080047e4                HAL_UART_Receive_IT
 .text.UARTEx_SetNbDataToProcess
                0x08004830       0x4c ./drivers/stm32g4xx_hal/Src/stm32g4xx_hal_uart_ex.o
 .text.HAL_UARTEx_WakeupCallback
                0x0800487c        0x2 ./drivers/stm32g4xx_hal/Src/stm32g4xx_hal_uart_ex.o
                0x0800487c                HAL_UARTEx_WakeupCallback
 .text.HAL_UARTEx_RxFifoFullCallback
                0x0800487e        0x2 ./drivers/stm32g4xx_hal/Src/stm32g4xx_hal_uart_ex.o
                0x0800487e                HAL_UARTEx_RxFifoFullCallback
 .text.HAL_UARTEx_TxFifoEmptyCallback
                0x08004880        0x2 ./drivers/stm32g4xx_hal/Src/stm32g4xx_hal_uart_ex.o
                0x08004880                HAL_UARTEx_TxFifoEmptyCallback
 .text.HAL_UARTEx_DisableFifoMode
                0x08004882       0x3e ./drivers/stm32g4xx_hal/Src/stm32g4xx_hal_uart_ex.o
                0x08004882                HAL_UARTEx_DisableFifoMode
 .text.HAL_UARTEx_SetTxFifoThreshold
                0x080048c0       0x4a ./drivers/stm32g4xx_hal/Src/stm32g4xx_hal_uart_ex.o
                0x080048c0                HAL_UARTEx_SetTxFifoThreshold
 .text.HAL_UARTEx_SetRxFifoThreshold
                0x0800490a       0x4a ./drivers/stm32g4xx_hal/Src/stm32g4xx_hal_uart_ex.o
                0x0800490a                HAL_UARTEx_SetRxFifoThreshold
 .text.__assert_func
                0x08004954       0x3c C:/ST/STM32CubeIDE_1.19.0/STM32CubeIDE/plugins/com.st.stm32cube.ide.mcu.externaltools.gnu-tools-for-stm32.13.3.rel1.win32_1.0.0.202411081344/tools/bin/../lib/gcc/arm-none-eabi/13.3.1/../../../../arm-none-eabi/lib/thumb/v7e-m+fp/hard\libc_nano.a(libc_a-assert.o)
                0x08004954                __assert_func
 .text.__cvt    0x08004990       0xca C:/ST/STM32CubeIDE_1.19.0/STM32CubeIDE/plugins/com.st.stm32cube.ide.mcu.externaltools.gnu-tools-for-stm32.13.3.rel1.win32_1.0.0.202411081344/tools/bin/../lib/gcc/arm-none-eabi/13.3.1/../../../../arm-none-eabi/lib/thumb/v7e-m+fp/hard\libc_nano.a(libc_a-nano-vfprintf_float.o)
                0x08004990                __cvt
 .text.__exponent
                0x08004a5a       0x74 C:/ST/STM32CubeIDE_1.19.0/STM32CubeIDE/plugins/com.st.stm32cube.ide.mcu.externaltools.gnu-tools-for-stm32.13.3.rel1.win32_1.0.0.202411081344/tools/bin/../lib/gcc/arm-none-eabi/13.3.1/../../../../arm-none-eabi/lib/thumb/v7e-m+fp/hard\libc_nano.a(libc_a-nano-vfprintf_float.o)
                0x08004a5a                __exponent
 *fill*         0x08004ace        0x2 
 .text._printf_float
                0x08004ad0      0x454 C:/ST/STM32CubeIDE_1.19.0/STM32CubeIDE/plugins/com.st.stm32cube.ide.mcu.externaltools.gnu-tools-for-stm32.13.3.rel1.win32_1.0.0.202411081344/tools/bin/../lib/gcc/arm-none-eabi/13.3.1/../../../../arm-none-eabi/lib/thumb/v7e-m+fp/hard\libc_nano.a(libc_a-nano-vfprintf_float.o)
                0x08004ad0                _printf_float
 .text._printf_common
                0x08004f24       0xda C:/ST/STM32CubeIDE_1.19.0/STM32CubeIDE/plugins/com.st.stm32cube.ide.mcu.externaltools.gnu-tools-for-stm32.13.3.rel1.win32_1.0.0.202411081344/tools/bin/../lib/gcc/arm-none-eabi/13.3.1/../../../../arm-none-eabi/lib/thumb/v7e-m+fp/hard\libc_nano.a(libc_a-nano-vfprintf_i.o)
                0x08004f24                _printf_common
 *fill*         0x08004ffe        0x2 
 .text._printf_i
                0x08005000      0x23c C:/ST/STM32CubeIDE_1.19.0/STM32CubeIDE/plugins/com.st.stm32cube.ide.mcu.externaltools.gnu-tools-for-stm32.13.3.rel1.win32_1.0.0.202411081344/tools/bin/../lib/gcc/arm-none-eabi/13.3.1/../../../../arm-none-eabi/lib/thumb/v7e-m+fp/hard\libc_nano.a(libc_a-nano-vfprintf_i.o)
                0x08005000                _printf_i
 .text.std      0x0800523c       0x6c C:/ST/STM32CubeIDE_1.19.0/STM32CubeIDE/plugins/com.st.stm32cube.ide.mcu.externaltools.gnu-tools-for-stm32.13.3.rel1.win32_1.0.0.202411081344/tools/bin/../lib/gcc/arm-none-eabi/13.3.1/../../../../arm-none-eabi/lib/thumb/v7e-m+fp/hard\libc_nano.a(libc_a-findfp.o)
 .text.stdio_exit_handler
                0x080052a8       0x18 C:/ST/STM32CubeIDE_1.19.0/STM32CubeIDE/plugins/com.st.stm32cube.ide.mcu.externaltools.gnu-tools-for-stm32.13.3.rel1.win32_1.0.0.202411081344/tools/bin/../lib/gcc/arm-none-eabi/13.3.1/../../../../arm-none-eabi/lib/thumb/v7e-m+fp/hard\libc_nano.a(libc_a-findfp.o)
 .text.cleanup_stdio
                0x080052c0       0x40 C:/ST/STM32CubeIDE_1.19.0/STM32CubeIDE/plugins/com.st.stm32cube.ide.mcu.externaltools.gnu-tools-for-stm32.13.3.rel1.win32_1.0.0.202411081344/tools/bin/../lib/gcc/arm-none-eabi/13.3.1/../../../../arm-none-eabi/lib/thumb/v7e-m+fp/hard\libc_nano.a(libc_a-findfp.o)
 .text.global_stdio_init.part.0
                0x08005300       0x3c C:/ST/STM32CubeIDE_1.19.0/STM32CubeIDE/plugins/com.st.stm32cube.ide.mcu.externaltools.gnu-tools-for-stm32.13.3.rel1.win32_1.0.0.202411081344/tools/bin/../lib/gcc/arm-none-eabi/13.3.1/../../../../arm-none-eabi/lib/thumb/v7e-m+fp/hard\libc_nano.a(libc_a-findfp.o)
 .text.__sfp_lock_acquire
                0x0800533c        0xc C:/ST/STM32CubeIDE_1.19.0/STM32CubeIDE/plugins/com.st.stm32cube.ide.mcu.externaltools.gnu-tools-for-stm32.13.3.rel1.win32_1.0.0.202411081344/tools/bin/../lib/gcc/arm-none-eabi/13.3.1/../../../../arm-none-eabi/lib/thumb/v7e-m+fp/hard\libc_nano.a(libc_a-findfp.o)
                0x0800533c                __sfp_lock_acquire
 .text.__sfp_lock_release
                0x08005348        0xc C:/ST/STM32CubeIDE_1.19.0/STM32CubeIDE/plugins/com.st.stm32cube.ide.mcu.externaltools.gnu-tools-for-stm32.13.3.rel1.win32_1.0.0.202411081344/tools/bin/../lib/gcc/arm-none-eabi/13.3.1/../../../../arm-none-eabi/lib/thumb/v7e-m+fp/hard\libc_nano.a(libc_a-findfp.o)
                0x08005348                __sfp_lock_release
 .text.__sinit  0x08005354       0x30 C:/ST/STM32CubeIDE_1.19.0/STM32CubeIDE/plugins/com.st.stm32cube.ide.mcu.externaltools.gnu-tools-for-stm32.13.3.rel1.win32_1.0.0.202411081344/tools/bin/../lib/gcc/arm-none-eabi/13.3.1/../../../../arm-none-eabi/lib/thumb/v7e-m+fp/hard\libc_nano.a(libc_a-findfp.o)
                0x08005354                __sinit
 .text.fprintf  0x08005384       0x24 C:/ST/STM32CubeIDE_1.19.0/STM32CubeIDE/plugins/com.st.stm32cube.ide.mcu.externaltools.gnu-tools-for-stm32.13.3.rel1.win32_1.0.0.202411081344/tools/bin/../lib/gcc/arm-none-eabi/13.3.1/../../../../arm-none-eabi/lib/thumb/v7e-m+fp/hard\libc_nano.a(libc_a-fprintf.o)
                0x08005384                fiprintf
                0x08005384                fprintf
 .text._fwalk_sglue
                0x080053a8       0x3c C:/ST/STM32CubeIDE_1.19.0/STM32CubeIDE/plugins/com.st.stm32cube.ide.mcu.externaltools.gnu-tools-for-stm32.13.3.rel1.win32_1.0.0.202411081344/tools/bin/../lib/gcc/arm-none-eabi/13.3.1/../../../../arm-none-eabi/lib/thumb/v7e-m+fp/hard\libc_nano.a(libc_a-fwalk.o)
                0x080053a8                _fwalk_sglue
 .text.setvbuf  0x080053e4      0x168 C:/ST/STM32CubeIDE_1.19.0/STM32CubeIDE/plugins/com.st.stm32cube.ide.mcu.externaltools.gnu-tools-for-stm32.13.3.rel1.win32_1.0.0.202411081344/tools/bin/../lib/gcc/arm-none-eabi/13.3.1/../../../../arm-none-eabi/lib/thumb/v7e-m+fp/hard\libc_nano.a(libc_a-setvbuf.o)
                0x080053e4                setvbuf
 .text.__sread  0x0800554c       0x22 C:/ST/STM32CubeIDE_1.19.0/STM32CubeIDE/plugins/com.st.stm32cube.ide.mcu.externaltools.gnu-tools-for-stm32.13.3.rel1.win32_1.0.0.202411081344/tools/bin/../lib/gcc/arm-none-eabi/13.3.1/../../../../arm-none-eabi/lib/thumb/v7e-m+fp/hard\libc_nano.a(libc_a-stdio.o)
                0x0800554c                __sread
 .text.__swrite
                0x0800556e       0x38 C:/ST/STM32CubeIDE_1.19.0/STM32CubeIDE/plugins/com.st.stm32cube.ide.mcu.externaltools.gnu-tools-for-stm32.13.3.rel1.win32_1.0.0.202411081344/tools/bin/../lib/gcc/arm-none-eabi/13.3.1/../../../../arm-none-eabi/lib/thumb/v7e-m+fp/hard\libc_nano.a(libc_a-stdio.o)
                0x0800556e                __swrite
 .text.__sseek  0x080055a6       0x24 C:/ST/STM32CubeIDE_1.19.0/STM32CubeIDE/plugins/com.st.stm32cube.ide.mcu.externaltools.gnu-tools-for-stm32.13.3.rel1.win32_1.0.0.202411081344/tools/bin/../lib/gcc/arm-none-eabi/13.3.1/../../../../arm-none-eabi/lib/thumb/v7e-m+fp/hard\libc_nano.a(libc_a-stdio.o)
                0x080055a6                __sseek
 .text.__sclose
                0x080055ca        0x8 C:/ST/STM32CubeIDE_1.19.0/STM32CubeIDE/plugins/com.st.stm32cube.ide.mcu.externaltools.gnu-tools-for-stm32.13.3.rel1.win32_1.0.0.202411081344/tools/bin/../lib/gcc/arm-none-eabi/13.3.1/../../../../arm-none-eabi/lib/thumb/v7e-m+fp/hard\libc_nano.a(libc_a-stdio.o)
                0x080055ca                __sclose
 .text.memset   0x080055d2       0x10 C:/ST/STM32CubeIDE_1.19.0/STM32CubeIDE/plugins/com.st.stm32cube.ide.mcu.externaltools.gnu-tools-for-stm32.13.3.rel1.win32_1.0.0.202411081344/tools/bin/../lib/gcc/arm-none-eabi/13.3.1/../../../../arm-none-eabi/lib/thumb/v7e-m+fp/hard\libc_nano.a(libc_a-memset.o)
                0x080055d2                memset
 *fill*         0x080055e2        0x2 
 .text._localeconv_r
                0x080055e4        0x8 C:/ST/STM32CubeIDE_1.19.0/STM32CubeIDE/plugins/com.st.stm32cube.ide.mcu.externaltools.gnu-tools-for-stm32.13.3.rel1.win32_1.0.0.202411081344/tools/bin/../lib/gcc/arm-none-eabi/13.3.1/../../../../arm-none-eabi/lib/thumb/v7e-m+fp/hard\libc_nano.a(libc_a-localeconv.o)
                0x080055e4                _localeconv_r
 .text._close_r
                0x080055ec       0x20 C:/ST/STM32CubeIDE_1.19.0/STM32CubeIDE/plugins/com.st.stm32cube.ide.mcu.externaltools.gnu-tools-for-stm32.13.3.rel1.win32_1.0.0.202411081344/tools/bin/../lib/gcc/arm-none-eabi/13.3.1/../../../../arm-none-eabi/lib/thumb/v7e-m+fp/hard\libc_nano.a(libc_a-closer.o)
                0x080055ec                _close_r
 .text._lseek_r
                0x0800560c       0x24 C:/ST/STM32CubeIDE_1.19.0/STM32CubeIDE/plugins/com.st.stm32cube.ide.mcu.externaltools.gnu-tools-for-stm32.13.3.rel1.win32_1.0.0.202411081344/tools/bin/../lib/gcc/arm-none-eabi/13.3.1/../../../../arm-none-eabi/lib/thumb/v7e-m+fp/hard\libc_nano.a(libc_a-lseekr.o)
                0x0800560c                _lseek_r
 .text._read_r  0x08005630       0x24 C:/ST/STM32CubeIDE_1.19.0/STM32CubeIDE/plugins/com.st.stm32cube.ide.mcu.externaltools.gnu-tools-for-stm32.13.3.rel1.win32_1.0.0.202411081344/tools/bin/../lib/gcc/arm-none-eabi/13.3.1/../../../../arm-none-eabi/lib/thumb/v7e-m+fp/hard\libc_nano.a(libc_a-readr.o)
                0x08005630                _read_r
 .text._write_r
                0x08005654       0x24 C:/ST/STM32CubeIDE_1.19.0/STM32CubeIDE/plugins/com.st.stm32cube.ide.mcu.externaltools.gnu-tools-for-stm32.13.3.rel1.win32_1.0.0.202411081344/tools/bin/../lib/gcc/arm-none-eabi/13.3.1/../../../../arm-none-eabi/lib/thumb/v7e-m+fp/hard\libc_nano.a(libc_a-writer.o)
                0x08005654                _write_r
 .text.__errno  0x08005678        0xc C:/ST/STM32CubeIDE_1.19.0/STM32CubeIDE/plugins/com.st.stm32cube.ide.mcu.externaltools.gnu-tools-for-stm32.13.3.rel1.win32_1.0.0.202411081344/tools/bin/../lib/gcc/arm-none-eabi/13.3.1/../../../../arm-none-eabi/lib/thumb/v7e-m+fp/hard\libc_nano.a(libc_a-errno.o)
                0x08005678                __errno
 .text.__libc_init_array
                0x08005684       0x48 C:/ST/STM32CubeIDE_1.19.0/STM32CubeIDE/plugins/com.st.stm32cube.ide.mcu.externaltools.gnu-tools-for-stm32.13.3.rel1.win32_1.0.0.202411081344/tools/bin/../lib/gcc/arm-none-eabi/13.3.1/../../../../arm-none-eabi/lib/thumb/v7e-m+fp/hard\libc_nano.a(libc_a-init.o)
                0x08005684                __libc_init_array
 .text.__retarget_lock_init_recursive
                0x080056cc        0x2 C:/ST/STM32CubeIDE_1.19.0/STM32CubeIDE/plugins/com.st.stm32cube.ide.mcu.externaltools.gnu-tools-for-stm32.13.3.rel1.win32_1.0.0.202411081344/tools/bin/../lib/gcc/arm-none-eabi/13.3.1/../../../../arm-none-eabi/lib/thumb/v7e-m+fp/hard\libc_nano.a(libc_a-lock.o)
                0x080056cc                __retarget_lock_init_recursive
 .text.__retarget_lock_acquire_recursive
                0x080056ce        0x2 C:/ST/STM32CubeIDE_1.19.0/STM32CubeIDE/plugins/com.st.stm32cube.ide.mcu.externaltools.gnu-tools-for-stm32.13.3.rel1.win32_1.0.0.202411081344/tools/bin/../lib/gcc/arm-none-eabi/13.3.1/../../../../arm-none-eabi/lib/thumb/v7e-m+fp/hard\libc_nano.a(libc_a-lock.o)
                0x080056ce                __retarget_lock_acquire_recursive
 .text.__retarget_lock_release_recursive
                0x080056d0        0x2 C:/ST/STM32CubeIDE_1.19.0/STM32CubeIDE/plugins/com.st.stm32cube.ide.mcu.externaltools.gnu-tools-for-stm32.13.3.rel1.win32_1.0.0.202411081344/tools/bin/../lib/gcc/arm-none-eabi/13.3.1/../../../../arm-none-eabi/lib/thumb/v7e-m+fp/hard\libc_nano.a(libc_a-lock.o)
                0x080056d0                __retarget_lock_release_recursive
 .text.abort    0x080056d2        0xe C:/ST/STM32CubeIDE_1.19.0/STM32CubeIDE/plugins/com.st.stm32cube.ide.mcu.externaltools.gnu-tools-for-stm32.13.3.rel1.win32_1.0.0.202411081344/tools/bin/../lib/gcc/arm-none-eabi/13.3.1/../../../../arm-none-eabi/lib/thumb/v7e-m+fp/hard\libc_nano.a(libc_a-abort.o)
                0x080056d2                abort
 .text.quorem   0x080056e0      0x110 C:/ST/STM32CubeIDE_1.19.0/STM32CubeIDE/plugins/com.st.stm32cube.ide.mcu.externaltools.gnu-tools-for-stm32.13.3.rel1.win32_1.0.0.202411081344/tools/bin/../lib/gcc/arm-none-eabi/13.3.1/../../../../arm-none-eabi/lib/thumb/v7e-m+fp/hard\libc_nano.a(libc_a-dtoa.o)
 .text._dtoa_r  0x080057f0      0xba0 C:/ST/STM32CubeIDE_1.19.0/STM32CubeIDE/plugins/com.st.stm32cube.ide.mcu.externaltools.gnu-tools-for-stm32.13.3.rel1.win32_1.0.0.202411081344/tools/bin/../lib/gcc/arm-none-eabi/13.3.1/../../../../arm-none-eabi/lib/thumb/v7e-m+fp/hard\libc_nano.a(libc_a-dtoa.o)
                0x080057f0                _dtoa_r
 .text._free_r  0x08006390       0x94 C:/ST/STM32CubeIDE_1.19.0/STM32CubeIDE/plugins/com.st.stm32cube.ide.mcu.externaltools.gnu-tools-for-stm32.13.3.rel1.win32_1.0.0.202411081344/tools/bin/../lib/gcc/arm-none-eabi/13.3.1/../../../../arm-none-eabi/lib/thumb/v7e-m+fp/hard\libc_nano.a(libc_a-freer.o)
                0x08006390                _free_r
 .text.malloc   0x08006424       0x10 C:/ST/STM32CubeIDE_1.19.0/STM32CubeIDE/plugins/com.st.stm32cube.ide.mcu.externaltools.gnu-tools-for-stm32.13.3.rel1.win32_1.0.0.202411081344/tools/bin/../lib/gcc/arm-none-eabi/13.3.1/../../../../arm-none-eabi/lib/thumb/v7e-m+fp/hard\libc_nano.a(libc_a-malloc.o)
                0x08006424                malloc
 .text.sbrk_aligned
                0x08006434       0x44 C:/ST/STM32CubeIDE_1.19.0/STM32CubeIDE/plugins/com.st.stm32cube.ide.mcu.externaltools.gnu-tools-for-stm32.13.3.rel1.win32_1.0.0.202411081344/tools/bin/../lib/gcc/arm-none-eabi/13.3.1/../../../../arm-none-eabi/lib/thumb/v7e-m+fp/hard\libc_nano.a(libc_a-mallocr.o)
 .text._malloc_r
                0x08006478      0x100 C:/ST/STM32CubeIDE_1.19.0/STM32CubeIDE/plugins/com.st.stm32cube.ide.mcu.externaltools.gnu-tools-for-stm32.13.3.rel1.win32_1.0.0.202411081344/tools/bin/../lib/gcc/arm-none-eabi/13.3.1/../../../../arm-none-eabi/lib/thumb/v7e-m+fp/hard\libc_nano.a(libc_a-mallocr.o)
                0x08006478                _malloc_r
 .text.__malloc_lock
                0x08006578        0xc C:/ST/STM32CubeIDE_1.19.0/STM32CubeIDE/plugins/com.st.stm32cube.ide.mcu.externaltools.gnu-tools-for-stm32.13.3.rel1.win32_1.0.0.202411081344/tools/bin/../lib/gcc/arm-none-eabi/13.3.1/../../../../arm-none-eabi/lib/thumb/v7e-m+fp/hard\libc_nano.a(libc_a-mlock.o)
                0x08006578                __malloc_lock
 .text.__malloc_unlock
                0x08006584        0xc C:/ST/STM32CubeIDE_1.19.0/STM32CubeIDE/plugins/com.st.stm32cube.ide.mcu.externaltools.gnu-tools-for-stm32.13.3.rel1.win32_1.0.0.202411081344/tools/bin/../lib/gcc/arm-none-eabi/13.3.1/../../../../arm-none-eabi/lib/thumb/v7e-m+fp/hard\libc_nano.a(libc_a-mlock.o)
                0x08006584                __malloc_unlock
 .text._Balloc  0x08006590       0x80 C:/ST/STM32CubeIDE_1.19.0/STM32CubeIDE/plugins/com.st.stm32cube.ide.mcu.externaltools.gnu-tools-for-stm32.13.3.rel1.win32_1.0.0.202411081344/tools/bin/../lib/gcc/arm-none-eabi/13.3.1/../../../../arm-none-eabi/lib/thumb/v7e-m+fp/hard\libc_nano.a(libc_a-mprec.o)
                0x08006590                _Balloc
 .text._Bfree   0x08006610       0x44 C:/ST/STM32CubeIDE_1.19.0/STM32CubeIDE/plugins/com.st.stm32cube.ide.mcu.externaltools.gnu-tools-for-stm32.13.3.rel1.win32_1.0.0.202411081344/tools/bin/../lib/gcc/arm-none-eabi/13.3.1/../../../../arm-none-eabi/lib/thumb/v7e-m+fp/hard\libc_nano.a(libc_a-mprec.o)
                0x08006610                _Bfree
 .text.__multadd
                0x08006654       0x8c C:/ST/STM32CubeIDE_1.19.0/STM32CubeIDE/plugins/com.st.stm32cube.ide.mcu.externaltools.gnu-tools-for-stm32.13.3.rel1.win32_1.0.0.202411081344/tools/bin/../lib/gcc/arm-none-eabi/13.3.1/../../../../arm-none-eabi/lib/thumb/v7e-m+fp/hard\libc_nano.a(libc_a-mprec.o)
                0x08006654                __multadd
 .text.__hi0bits
                0x080066e0       0x3e C:/ST/STM32CubeIDE_1.19.0/STM32CubeIDE/plugins/com.st.stm32cube.ide.mcu.externaltools.gnu-tools-for-stm32.13.3.rel1.win32_1.0.0.202411081344/tools/bin/../lib/gcc/arm-none-eabi/13.3.1/../../../../arm-none-eabi/lib/thumb/v7e-m+fp/hard\libc_nano.a(libc_a-mprec.o)
                0x080066e0                __hi0bits
 .text.__lo0bits
                0x0800671e       0x5a C:/ST/STM32CubeIDE_1.19.0/STM32CubeIDE/plugins/com.st.stm32cube.ide.mcu.externaltools.gnu-tools-for-stm32.13.3.rel1.win32_1.0.0.202411081344/tools/bin/../lib/gcc/arm-none-eabi/13.3.1/../../../../arm-none-eabi/lib/thumb/v7e-m+fp/hard\libc_nano.a(libc_a-mprec.o)
                0x0800671e                __lo0bits
 .text.__i2b    0x08006778       0x2c C:/ST/STM32CubeIDE_1.19.0/STM32CubeIDE/plugins/com.st.stm32cube.ide.mcu.externaltools.gnu-tools-for-stm32.13.3.rel1.win32_1.0.0.202411081344/tools/bin/../lib/gcc/arm-none-eabi/13.3.1/../../../../arm-none-eabi/lib/thumb/v7e-m+fp/hard\libc_nano.a(libc_a-mprec.o)
                0x08006778                __i2b
 .text.__multiply
                0x080067a4      0x144 C:/ST/STM32CubeIDE_1.19.0/STM32CubeIDE/plugins/com.st.stm32cube.ide.mcu.externaltools.gnu-tools-for-stm32.13.3.rel1.win32_1.0.0.202411081344/tools/bin/../lib/gcc/arm-none-eabi/13.3.1/../../../../arm-none-eabi/lib/thumb/v7e-m+fp/hard\libc_nano.a(libc_a-mprec.o)
                0x080067a4                __multiply
 .text.__pow5mult
                0x080068e8       0xb4 C:/ST/STM32CubeIDE_1.19.0/STM32CubeIDE/plugins/com.st.stm32cube.ide.mcu.externaltools.gnu-tools-for-stm32.13.3.rel1.win32_1.0.0.202411081344/tools/bin/../lib/gcc/arm-none-eabi/13.3.1/../../../../arm-none-eabi/lib/thumb/v7e-m+fp/hard\libc_nano.a(libc_a-mprec.o)
                0x080068e8                __pow5mult
 .text.__lshift
                0x0800699c       0xd8 C:/ST/STM32CubeIDE_1.19.0/STM32CubeIDE/plugins/com.st.stm32cube.ide.mcu.externaltools.gnu-tools-for-stm32.13.3.rel1.win32_1.0.0.202411081344/tools/bin/../lib/gcc/arm-none-eabi/13.3.1/../../../../arm-none-eabi/lib/thumb/v7e-m+fp/hard\libc_nano.a(libc_a-mprec.o)
                0x0800699c                __lshift
 .text.__mcmp   0x08006a74       0x36 C:/ST/STM32CubeIDE_1.19.0/STM32CubeIDE/plugins/com.st.stm32cube.ide.mcu.externaltools.gnu-tools-for-stm32.13.3.rel1.win32_1.0.0.202411081344/tools/bin/../lib/gcc/arm-none-eabi/13.3.1/../../../../arm-none-eabi/lib/thumb/v7e-m+fp/hard\libc_nano.a(libc_a-mprec.o)
                0x08006a74                __mcmp
 *fill*         0x08006aaa        0x2 
 .text.__mdiff  0x08006aac      0x128 C:/ST/STM32CubeIDE_1.19.0/STM32CubeIDE/plugins/com.st.stm32cube.ide.mcu.externaltools.gnu-tools-for-stm32.13.3.rel1.win32_1.0.0.202411081344/tools/bin/../lib/gcc/arm-none-eabi/13.3.1/../../../../arm-none-eabi/lib/thumb/v7e-m+fp/hard\libc_nano.a(libc_a-mprec.o)
                0x08006aac                __mdiff
 .text.__d2b    0x08006bd4       0xb0 C:/ST/STM32CubeIDE_1.19.0/STM32CubeIDE/plugins/com.st.stm32cube.ide.mcu.externaltools.gnu-tools-for-stm32.13.3.rel1.win32_1.0.0.202411081344/tools/bin/../lib/gcc/arm-none-eabi/13.3.1/../../../../arm-none-eabi/lib/thumb/v7e-m+fp/hard\libc_nano.a(libc_a-mprec.o)
                0x08006bd4                __d2b
 .text.__sfputc_r
                0x08006c84       0x2e C:/ST/STM32CubeIDE_1.19.0/STM32CubeIDE/plugins/com.st.stm32cube.ide.mcu.externaltools.gnu-tools-for-stm32.13.3.rel1.win32_1.0.0.202411081344/tools/bin/../lib/gcc/arm-none-eabi/13.3.1/../../../../arm-none-eabi/lib/thumb/v7e-m+fp/hard\libc_nano.a(libc_a-nano-vfprintf.o)
 .text.__sfputs_r
                0x08006cb2       0x24 C:/ST/STM32CubeIDE_1.19.0/STM32CubeIDE/plugins/com.st.stm32cube.ide.mcu.externaltools.gnu-tools-for-stm32.13.3.rel1.win32_1.0.0.202411081344/tools/bin/../lib/gcc/arm-none-eabi/13.3.1/../../../../arm-none-eabi/lib/thumb/v7e-m+fp/hard\libc_nano.a(libc_a-nano-vfprintf.o)
                0x08006cb2                __sfputs_r
 *fill*         0x08006cd6        0x2 
 .text._vfprintf_r
                0x08006cd8      0x230 C:/ST/STM32CubeIDE_1.19.0/STM32CubeIDE/plugins/com.st.stm32cube.ide.mcu.externaltools.gnu-tools-for-stm32.13.3.rel1.win32_1.0.0.202411081344/tools/bin/../lib/gcc/arm-none-eabi/13.3.1/../../../../arm-none-eabi/lib/thumb/v7e-m+fp/hard\libc_nano.a(libc_a-nano-vfprintf.o)
                0x08006cd8                _vfprintf_r
                0x08006cd8                _vfiprintf_r
 .text.__sflush_r
                0x08006f08      0x108 C:/ST/STM32CubeIDE_1.19.0/STM32CubeIDE/plugins/com.st.stm32cube.ide.mcu.externaltools.gnu-tools-for-stm32.13.3.rel1.win32_1.0.0.202411081344/tools/bin/../lib/gcc/arm-none-eabi/13.3.1/../../../../arm-none-eabi/lib/thumb/v7e-m+fp/hard\libc_nano.a(libc_a-fflush.o)
                0x08006f08                __sflush_r
 .text._fflush_r
                0x08007010       0x50 C:/ST/STM32CubeIDE_1.19.0/STM32CubeIDE/plugins/com.st.stm32cube.ide.mcu.externaltools.gnu-tools-for-stm32.13.3.rel1.win32_1.0.0.202411081344/tools/bin/../lib/gcc/arm-none-eabi/13.3.1/../../../../arm-none-eabi/lib/thumb/v7e-m+fp/hard\libc_nano.a(libc_a-fflush.o)
                0x08007010                _fflush_r
 .text.__swhatbuf_r
                0x08007060       0x4c C:/ST/STM32CubeIDE_1.19.0/STM32CubeIDE/plugins/com.st.stm32cube.ide.mcu.externaltools.gnu-tools-for-stm32.13.3.rel1.win32_1.0.0.202411081344/tools/bin/../lib/gcc/arm-none-eabi/13.3.1/../../../../arm-none-eabi/lib/thumb/v7e-m+fp/hard\libc_nano.a(libc_a-makebuf.o)
                0x08007060                __swhatbuf_r
 .text.__smakebuf_r
                0x080070ac       0x78 C:/ST/STM32CubeIDE_1.19.0/STM32CubeIDE/plugins/com.st.stm32cube.ide.mcu.externaltools.gnu-tools-for-stm32.13.3.rel1.win32_1.0.0.202411081344/tools/bin/../lib/gcc/arm-none-eabi/13.3.1/../../../../arm-none-eabi/lib/thumb/v7e-m+fp/hard\libc_nano.a(libc_a-makebuf.o)
                0x080070ac                __smakebuf_r
 .text.__swbuf_r
                0x08007124       0x7c C:/ST/STM32CubeIDE_1.19.0/STM32CubeIDE/plugins/com.st.stm32cube.ide.mcu.externaltools.gnu-tools-for-stm32.13.3.rel1.win32_1.0.0.202411081344/tools/bin/../lib/gcc/arm-none-eabi/13.3.1/../../../../arm-none-eabi/lib/thumb/v7e-m+fp/hard\libc_nano.a(libc_a-wbuf.o)
                0x08007124                __swbuf_r
 .text.__swsetup_r
                0x080071a0       0xac C:/ST/STM32CubeIDE_1.19.0/STM32CubeIDE/plugins/com.st.stm32cube.ide.mcu.externaltools.gnu-tools-for-stm32.13.3.rel1.win32_1.0.0.202411081344/tools/bin/../lib/gcc/arm-none-eabi/13.3.1/../../../../arm-none-eabi/lib/thumb/v7e-m+fp/hard\libc_nano.a(libc_a-wsetup.o)
                0x080071a0                __swsetup_r
 .text._raise_r
                0x0800724c       0x50 C:/ST/STM32CubeIDE_1.19.0/STM32CubeIDE/plugins/com.st.stm32cube.ide.mcu.externaltools.gnu-tools-for-stm32.13.3.rel1.win32_1.0.0.202411081344/tools/bin/../lib/gcc/arm-none-eabi/13.3.1/../../../../arm-none-eabi/lib/thumb/v7e-m+fp/hard\libc_nano.a(libc_a-signal.o)
                0x0800724c                _raise_r
 .text.raise    0x0800729c       0x10 C:/ST/STM32CubeIDE_1.19.0/STM32CubeIDE/plugins/com.st.stm32cube.ide.mcu.externaltools.gnu-tools-for-stm32.13.3.rel1.win32_1.0.0.202411081344/tools/bin/../lib/gcc/arm-none-eabi/13.3.1/../../../../arm-none-eabi/lib/thumb/v7e-m+fp/hard\libc_nano.a(libc_a-signal.o)
                0x0800729c                raise
 .text._fstat_r
                0x080072ac       0x24 C:/ST/STM32CubeIDE_1.19.0/STM32CubeIDE/plugins/com.st.stm32cube.ide.mcu.externaltools.gnu-tools-for-stm32.13.3.rel1.win32_1.0.0.202411081344/tools/bin/../lib/gcc/arm-none-eabi/13.3.1/../../../../arm-none-eabi/lib/thumb/v7e-m+fp/hard\libc_nano.a(libc_a-fstatr.o)
                0x080072ac                _fstat_r
 .text._isatty_r
                0x080072d0       0x20 C:/ST/STM32CubeIDE_1.19.0/STM32CubeIDE/plugins/com.st.stm32cube.ide.mcu.externaltools.gnu-tools-for-stm32.13.3.rel1.win32_1.0.0.202411081344/tools/bin/../lib/gcc/arm-none-eabi/13.3.1/../../../../arm-none-eabi/lib/thumb/v7e-m+fp/hard\libc_nano.a(libc_a-isattyr.o)
                0x080072d0                _isatty_r
 .text._kill_r  0x080072f0       0x24 C:/ST/STM32CubeIDE_1.19.0/STM32CubeIDE/plugins/com.st.stm32cube.ide.mcu.externaltools.gnu-tools-for-stm32.13.3.rel1.win32_1.0.0.202411081344/tools/bin/../lib/gcc/arm-none-eabi/13.3.1/../../../../arm-none-eabi/lib/thumb/v7e-m+fp/hard\libc_nano.a(libc_a-signalr.o)
                0x080072f0                _kill_r
 .text._getpid_r
                0x08007314        0x4 C:/ST/STM32CubeIDE_1.19.0/STM32CubeIDE/plugins/com.st.stm32cube.ide.mcu.externaltools.gnu-tools-for-stm32.13.3.rel1.win32_1.0.0.202411081344/tools/bin/../lib/gcc/arm-none-eabi/13.3.1/../../../../arm-none-eabi/lib/thumb/v7e-m+fp/hard\libc_nano.a(libc_a-signalr.o)
                0x08007314                _getpid_r
 .text._sbrk_r  0x08007318       0x20 C:/ST/STM32CubeIDE_1.19.0/STM32CubeIDE/plugins/com.st.stm32cube.ide.mcu.externaltools.gnu-tools-for-stm32.13.3.rel1.win32_1.0.0.202411081344/tools/bin/../lib/gcc/arm-none-eabi/13.3.1/../../../../arm-none-eabi/lib/thumb/v7e-m+fp/hard\libc_nano.a(libc_a-sbrkr.o)
                0x08007318                _sbrk_r
 .text.memcpy   0x08007338       0x1c C:/ST/STM32CubeIDE_1.19.0/STM32CubeIDE/plugins/com.st.stm32cube.ide.mcu.externaltools.gnu-tools-for-stm32.13.3.rel1.win32_1.0.0.202411081344/tools/bin/../lib/gcc/arm-none-eabi/13.3.1/../../../../arm-none-eabi/lib/thumb/v7e-m+fp/hard\libc_nano.a(libc_a-memcpy-stub.o)
                0x08007338                memcpy
 .text._calloc_r
                0x08007354       0x28 C:/ST/STM32CubeIDE_1.19.0/STM32CubeIDE/plugins/com.st.stm32cube.ide.mcu.externaltools.gnu-tools-for-stm32.13.3.rel1.win32_1.0.0.202411081344/tools/bin/../lib/gcc/arm-none-eabi/13.3.1/../../../../arm-none-eabi/lib/thumb/v7e-m+fp/hard\libc_nano.a(libc_a-callocr.o)
                0x08007354                _calloc_r
 .text.__ascii_mbtowc
                0x0800737c       0x24 C:/ST/STM32CubeIDE_1.19.0/STM32CubeIDE/plugins/com.st.stm32cube.ide.mcu.externaltools.gnu-tools-for-stm32.13.3.rel1.win32_1.0.0.202411081344/tools/bin/../lib/gcc/arm-none-eabi/13.3.1/../../../../arm-none-eabi/lib/thumb/v7e-m+fp/hard\libc_nano.a(libc_a-mbtowc_r.o)
                0x0800737c                __ascii_mbtowc
 .text.__ascii_wctomb
                0x080073a0       0x1a C:/ST/STM32CubeIDE_1.19.0/STM32CubeIDE/plugins/com.st.stm32cube.ide.mcu.externaltools.gnu-tools-for-stm32.13.3.rel1.win32_1.0.0.202411081344/tools/bin/../lib/gcc/arm-none-eabi/13.3.1/../../../../arm-none-eabi/lib/thumb/v7e-m+fp/hard\libc_nano.a(libc_a-wctomb_r.o)
                0x080073a0                __ascii_wctomb
 *(.glue_7)
 .glue_7        0x080073ba        0x0 linker stubs
 *(.glue_7t)
 .glue_7t       0x080073ba        0x0 linker stubs
 *(.eh_frame)
 *fill*         0x080073ba        0x2 
 .eh_frame      0x080073bc        0x0 C:/ST/STM32CubeIDE_1.19.0/STM32CubeIDE/plugins/com.st.stm32cube.ide.mcu.externaltools.gnu-tools-for-stm32.13.3.rel1.win32_1.0.0.202411081344/tools/bin/../lib/gcc/arm-none-eabi/13.3.1/thumb/v7e-m+fp/hard/crtbegin.o
 *(.init)
 .init          0x080073bc        0x4 C:/ST/STM32CubeIDE_1.19.0/STM32CubeIDE/plugins/com.st.stm32cube.ide.mcu.externaltools.gnu-tools-for-stm32.13.3.rel1.win32_1.0.0.202411081344/tools/bin/../lib/gcc/arm-none-eabi/13.3.1/thumb/v7e-m+fp/hard/crti.o
                0x080073bc                _init
 .init          0x080073c0        0x8 C:/ST/STM32CubeIDE_1.19.0/STM32CubeIDE/plugins/com.st.stm32cube.ide.mcu.externaltools.gnu-tools-for-stm32.13.3.rel1.win32_1.0.0.202411081344/tools/bin/../lib/gcc/arm-none-eabi/13.3.1/thumb/v7e-m+fp/hard/crtn.o
 *(.fini)
 .fini          0x080073c8        0x4 C:/ST/STM32CubeIDE_1.19.0/STM32CubeIDE/plugins/com.st.stm32cube.ide.mcu.externaltools.gnu-tools-for-stm32.13.3.rel1.win32_1.0.0.202411081344/tools/bin/../lib/gcc/arm-none-eabi/13.3.1/thumb/v7e-m+fp/hard/crti.o
                0x080073c8                _fini
 .fini          0x080073cc        0x8 C:/ST/STM32CubeIDE_1.19.0/STM32CubeIDE/plugins/com.st.stm32cube.ide.mcu.externaltools.gnu-tools-for-stm32.13.3.rel1.win32_1.0.0.202411081344/tools/bin/../lib/gcc/arm-none-eabi/13.3.1/thumb/v7e-m+fp/hard/crtn.o
                0x080073d4                        . = ALIGN (0x4)
                0x080073d4                        _etext = .

.vfp11_veneer   0x080073d4        0x0
 .vfp11_veneer  0x080073d4        0x0 linker stubs

.v4_bx          0x080073d4        0x0
 .v4_bx         0x080073d4        0x0 linker stubs

.iplt           0x080073d4        0x0
 .iplt          0x080073d4        0x0 C:/ST/STM32CubeIDE_1.19.0/STM32CubeIDE/plugins/com.st.stm32cube.ide.mcu.externaltools.gnu-tools-for-stm32.13.3.rel1.win32_1.0.0.202411081344/tools/bin/../lib/gcc/arm-none-eabi/13.3.1/thumb/v7e-m+fp/hard/crtbegin.o

.rodata         0x080073d8      0x454
                0x080073d8                        . = ALIGN (0x4)
 *(.rodata)
 *(.rodata*)
 .rodata.APBPrescTable
                0x080073d8        0x8 ./core/Src/system_stm32g4xx.o
                0x080073d8                APBPrescTable
 .rodata.AHBPrescTable
                0x080073e0       0x10 ./core/Src/system_stm32g4xx.o
                0x080073e0                AHBPrescTable
 .rodata.BSP_UART_data_ready.str1.4
                0x080073f0       0x48 ./drivers/bsp/stm32g4_uart.o
                                 0x36 (size before relaxing)
 .rodata.BSP_UART_init.str1.4
                0x08007438       0x10 ./drivers/bsp/stm32g4_uart.o
 .rodata.__func__.3
                0x08007438        0xe ./drivers/bsp/stm32g4_uart.o
 *fill*         0x08007446        0x2 
 .rodata.__func__.5
                0x08007448        0xe ./drivers/bsp/stm32g4_uart.o
 *fill*         0x08007456        0x2 
 .rodata.__func__.6
                0x08007458       0x17 ./drivers/bsp/stm32g4_uart.o
 *fill*         0x0800746f        0x1 
 .rodata.__func__.7
                0x08007470       0x14 ./drivers/bsp/stm32g4_uart.o
 .rodata.nvic_IRQ_array
                0x08007484        0x2 ./drivers/bsp/stm32g4_uart.o
 *fill*         0x08007486        0x2 
 .rodata.instances_array
                0x08007488        0x8 ./drivers/bsp/stm32g4_uart.o
 .rodata.UARTPrescTable
                0x08007490       0x18 ./drivers/stm32g4xx_hal/Src/stm32g4xx_hal_uart.o
                0x08007490                UARTPrescTable
 .rodata.denominator.0
                0x080074a8        0x8 ./drivers/stm32g4xx_hal/Src/stm32g4xx_hal_uart_ex.o
 .rodata.numerator.1
                0x080074b0        0x8 ./drivers/stm32g4xx_hal/Src/stm32g4xx_hal_uart_ex.o
 .rodata.__assert_func.str1.1
                0x080074b8      0x171 C:/ST/STM32CubeIDE_1.19.0/STM32CubeIDE/plugins/com.st.stm32cube.ide.mcu.externaltools.gnu-tools-for-stm32.13.3.rel1.win32_1.0.0.202411081344/tools/bin/../lib/gcc/arm-none-eabi/13.3.1/../../../../arm-none-eabi/lib/thumb/v7e-m+fp/hard\libc_nano.a(libc_a-assert.o)
                                 0x3d (size before relaxing)
 .rodata._printf_float.str1.1
                0x08007629       0x12 C:/ST/STM32CubeIDE_1.19.0/STM32CubeIDE/plugins/com.st.stm32cube.ide.mcu.externaltools.gnu-tools-for-stm32.13.3.rel1.win32_1.0.0.202411081344/tools/bin/../lib/gcc/arm-none-eabi/13.3.1/../../../../arm-none-eabi/lib/thumb/v7e-m+fp/hard\libc_nano.a(libc_a-nano-vfprintf_float.o)
 .rodata._printf_i.str1.1
                0x08007629       0x22 C:/ST/STM32CubeIDE_1.19.0/STM32CubeIDE/plugins/com.st.stm32cube.ide.mcu.externaltools.gnu-tools-for-stm32.13.3.rel1.win32_1.0.0.202411081344/tools/bin/../lib/gcc/arm-none-eabi/13.3.1/../../../../arm-none-eabi/lib/thumb/v7e-m+fp/hard\libc_nano.a(libc_a-nano-vfprintf_i.o)
 .rodata._dtoa_r.str1.1
                0x08007629       0x8f C:/ST/STM32CubeIDE_1.19.0/STM32CubeIDE/plugins/com.st.stm32cube.ide.mcu.externaltools.gnu-tools-for-stm32.13.3.rel1.win32_1.0.0.202411081344/tools/bin/../lib/gcc/arm-none-eabi/13.3.1/../../../../arm-none-eabi/lib/thumb/v7e-m+fp/hard\libc_nano.a(libc_a-dtoa.o)
 .rodata._Balloc.str1.1
                0x08007629       0x70 C:/ST/STM32CubeIDE_1.19.0/STM32CubeIDE/plugins/com.st.stm32cube.ide.mcu.externaltools.gnu-tools-for-stm32.13.3.rel1.win32_1.0.0.202411081344/tools/bin/../lib/gcc/arm-none-eabi/13.3.1/../../../../arm-none-eabi/lib/thumb/v7e-m+fp/hard\libc_nano.a(libc_a-mprec.o)
 .rodata.__multadd.str1.1
                0x08007629       0x11 C:/ST/STM32CubeIDE_1.19.0/STM32CubeIDE/plugins/com.st.stm32cube.ide.mcu.externaltools.gnu-tools-for-stm32.13.3.rel1.win32_1.0.0.202411081344/tools/bin/../lib/gcc/arm-none-eabi/13.3.1/../../../../arm-none-eabi/lib/thumb/v7e-m+fp/hard\libc_nano.a(libc_a-mprec.o)
 *fill*         0x08007629        0x3 
 .rodata.p05.0  0x0800762c        0xc C:/ST/STM32CubeIDE_1.19.0/STM32CubeIDE/plugins/com.st.stm32cube.ide.mcu.externaltools.gnu-tools-for-stm32.13.3.rel1.win32_1.0.0.202411081344/tools/bin/../lib/gcc/arm-none-eabi/13.3.1/../../../../arm-none-eabi/lib/thumb/v7e-m+fp/hard\libc_nano.a(libc_a-mprec.o)
 .rodata.__mprec_bigtens
                0x08007638       0x28 C:/ST/STM32CubeIDE_1.19.0/STM32CubeIDE/plugins/com.st.stm32cube.ide.mcu.externaltools.gnu-tools-for-stm32.13.3.rel1.win32_1.0.0.202411081344/tools/bin/../lib/gcc/arm-none-eabi/13.3.1/../../../../arm-none-eabi/lib/thumb/v7e-m+fp/hard\libc_nano.a(libc_a-mprec.o)
                0x08007638                __mprec_bigtens
 .rodata.__mprec_tens
                0x08007660       0xc8 C:/ST/STM32CubeIDE_1.19.0/STM32CubeIDE/plugins/com.st.stm32cube.ide.mcu.externaltools.gnu-tools-for-stm32.13.3.rel1.win32_1.0.0.202411081344/tools/bin/../lib/gcc/arm-none-eabi/13.3.1/../../../../arm-none-eabi/lib/thumb/v7e-m+fp/hard\libc_nano.a(libc_a-mprec.o)
                0x08007660                __mprec_tens
 .rodata._vfprintf_r.str1.1
                0x08007728       0x11 C:/ST/STM32CubeIDE_1.19.0/STM32CubeIDE/plugins/com.st.stm32cube.ide.mcu.externaltools.gnu-tools-for-stm32.13.3.rel1.win32_1.0.0.202411081344/tools/bin/../lib/gcc/arm-none-eabi/13.3.1/../../../../arm-none-eabi/lib/thumb/v7e-m+fp/hard\libc_nano.a(libc_a-nano-vfprintf.o)
 .rodata._setlocale_r.str1.1
                0x08007728        0x9 C:/ST/STM32CubeIDE_1.19.0/STM32CubeIDE/plugins/com.st.stm32cube.ide.mcu.externaltools.gnu-tools-for-stm32.13.3.rel1.win32_1.0.0.202411081344/tools/bin/../lib/gcc/arm-none-eabi/13.3.1/../../../../arm-none-eabi/lib/thumb/v7e-m+fp/hard\libc_nano.a(libc_a-locale.o)
 .rodata.str1.1
                0x08007728        0x2 C:/ST/STM32CubeIDE_1.19.0/STM32CubeIDE/plugins/com.st.stm32cube.ide.mcu.externaltools.gnu-tools-for-stm32.13.3.rel1.win32_1.0.0.202411081344/tools/bin/../lib/gcc/arm-none-eabi/13.3.1/../../../../arm-none-eabi/lib/thumb/v7e-m+fp/hard\libc_nano.a(libc_a-locale.o)
 .rodata._ctype_
                0x08007728      0x101 C:/ST/STM32CubeIDE_1.19.0/STM32CubeIDE/plugins/com.st.stm32cube.ide.mcu.externaltools.gnu-tools-for-stm32.13.3.rel1.win32_1.0.0.202411081344/tools/bin/../lib/gcc/arm-none-eabi/13.3.1/../../../../arm-none-eabi/lib/thumb/v7e-m+fp/hard\libc_nano.a(libc_a-ctype_.o)
                0x08007728                _ctype_
                0x0800782c                        . = ALIGN (0x4)
 *fill*         0x08007829        0x3 

.ARM.extab      0x0800782c        0x0
                0x0800782c                        . = ALIGN (0x4)
 *(.ARM.extab* .gnu.linkonce.armextab.*)
                0x0800782c                        . = ALIGN (0x4)

.ARM            0x0800782c        0x8
                0x0800782c                        . = ALIGN (0x4)
                0x0800782c                        __exidx_start = .
 *(.ARM.exidx*)
 .ARM.exidx     0x0800782c        0x8 C:/ST/STM32CubeIDE_1.19.0/STM32CubeIDE/plugins/com.st.stm32cube.ide.mcu.externaltools.gnu-tools-for-stm32.13.3.rel1.win32_1.0.0.202411081344/tools/bin/../lib/gcc/arm-none-eabi/13.3.1/../../../../arm-none-eabi/lib/thumb/v7e-m+fp/hard\libc_nano.a(libc_a-memchr.o)
 .ARM.exidx     0x08007834        0x0 C:/ST/STM32CubeIDE_1.19.0/STM32CubeIDE/plugins/com.st.stm32cube.ide.mcu.externaltools.gnu-tools-for-stm32.13.3.rel1.win32_1.0.0.202411081344/tools/bin/../lib/gcc/arm-none-eabi/13.3.1/../../../../arm-none-eabi/lib/thumb/v7e-m+fp/hard\libc_nano.a(libc_a-strlen.o)
                                  0x8 (size before relaxing)
 .ARM.exidx     0x08007834        0x0 C:/ST/STM32CubeIDE_1.19.0/STM32CubeIDE/plugins/com.st.stm32cube.ide.mcu.externaltools.gnu-tools-for-stm32.13.3.rel1.win32_1.0.0.202411081344/tools/bin/../lib/gcc/arm-none-eabi/13.3.1/thumb/v7e-m+fp/hard\libgcc.a(_udivmoddi4.o)
                                  0x8 (size before relaxing)
                0x08007834                        __exidx_end = .
                0x08007834                        . = ALIGN (0x4)

.rel.dyn        0x08007834        0x0
 .rel.iplt      0x08007834        0x0 C:/ST/STM32CubeIDE_1.19.0/STM32CubeIDE/plugins/com.st.stm32cube.ide.mcu.externaltools.gnu-tools-for-stm32.13.3.rel1.win32_1.0.0.202411081344/tools/bin/../lib/gcc/arm-none-eabi/13.3.1/thumb/v7e-m+fp/hard/crtbegin.o

.preinit_array  0x08007834        0x0
                0x08007834                        . = ALIGN (0x4)
                0x08007834                        PROVIDE (__preinit_array_start = .)
 *(.preinit_array*)
                0x08007834                        PROVIDE (__preinit_array_end = .)
                0x08007834                        . = ALIGN (0x4)

.init_array     0x08007834        0x4
                0x08007834                        . = ALIGN (0x4)
                0x08007834                        PROVIDE (__init_array_start = .)
 *(SORT_BY_NAME(.init_array.*))
 *(.init_array*)
 .init_array    0x08007834        0x4 C:/ST/STM32CubeIDE_1.19.0/STM32CubeIDE/plugins/com.st.stm32cube.ide.mcu.externaltools.gnu-tools-for-stm32.13.3.rel1.win32_1.0.0.202411081344/tools/bin/../lib/gcc/arm-none-eabi/13.3.1/thumb/v7e-m+fp/hard/crtbegin.o
                0x08007838                        PROVIDE (__init_array_end = .)
                0x08007838                        . = ALIGN (0x4)

.fini_array     0x08007838        0x4
                0x08007838                        . = ALIGN (0x4)
                [!provide]                        PROVIDE (__fini_array_start = .)
 *(SORT_BY_NAME(.fini_array.*))
 *(.fini_array*)
 .fini_array    0x08007838        0x4 C:/ST/STM32CubeIDE_1.19.0/STM32CubeIDE/plugins/com.st.stm32cube.ide.mcu.externaltools.gnu-tools-for-stm32.13.3.rel1.win32_1.0.0.202411081344/tools/bin/../lib/gcc/arm-none-eabi/13.3.1/thumb/v7e-m+fp/hard/crtbegin.o
                [!provide]                        PROVIDE (__fini_array_end = .)
                0x0800783c                        . = ALIGN (0x4)
                0x0800783c                        _sidata = LOADADDR (.data)

.data           0x20000000      0x1d4 load address 0x0800783c
                0x20000000                        . = ALIGN (0x4)
                0x20000000                        _sdata = .
 *(.data)
 *(.data*)
 .data.SystemCoreClock
                0x20000000        0x4 ./core/Src/system_stm32g4xx.o
                0x20000000                SystemCoreClock
 .data.uwTickFreq
                0x20000004        0x4 ./drivers/stm32g4xx_hal/Src/stm32g4xx_hal.o
                0x20000004                uwTickFreq
 .data.uwTickPrio
                0x20000008        0x4 ./drivers/stm32g4xx_hal/Src/stm32g4xx_hal.o
                0x20000008                uwTickPrio
 .data.__sglue  0x2000000c        0xc C:/ST/STM32CubeIDE_1.19.0/STM32CubeIDE/plugins/com.st.stm32cube.ide.mcu.externaltools.gnu-tools-for-stm32.13.3.rel1.win32_1.0.0.202411081344/tools/bin/../lib/gcc/arm-none-eabi/13.3.1/../../../../arm-none-eabi/lib/thumb/v7e-m+fp/hard\libc_nano.a(libc_a-findfp.o)
                0x2000000c                __sglue
 .data._impure_ptr
                0x20000018        0x4 C:/ST/STM32CubeIDE_1.19.0/STM32CubeIDE/plugins/com.st.stm32cube.ide.mcu.externaltools.gnu-tools-for-stm32.13.3.rel1.win32_1.0.0.202411081344/tools/bin/../lib/gcc/arm-none-eabi/13.3.1/../../../../arm-none-eabi/lib/thumb/v7e-m+fp/hard\libc_nano.a(libc_a-impure.o)
                0x20000018                _impure_ptr
 .data._impure_data
                0x2000001c       0x4c C:/ST/STM32CubeIDE_1.19.0/STM32CubeIDE/plugins/com.st.stm32cube.ide.mcu.externaltools.gnu-tools-for-stm32.13.3.rel1.win32_1.0.0.202411081344/tools/bin/../lib/gcc/arm-none-eabi/13.3.1/../../../../arm-none-eabi/lib/thumb/v7e-m+fp/hard\libc_nano.a(libc_a-impure.o)
                0x2000001c                _impure_data
 .data.__global_locale
                0x20000068      0x16c C:/ST/STM32CubeIDE_1.19.0/STM32CubeIDE/plugins/com.st.stm32cube.ide.mcu.externaltools.gnu-tools-for-stm32.13.3.rel1.win32_1.0.0.202411081344/tools/bin/../lib/gcc/arm-none-eabi/13.3.1/../../../../arm-none-eabi/lib/thumb/v7e-m+fp/hard\libc_nano.a(libc_a-locale.o)
                0x20000068                __global_locale
 *(.RamFunc)
 *(.RamFunc*)
                0x200001d4                        . = ALIGN (0x4)
                0x200001d4                        _edata = .

.igot.plt       0x200001d4        0x0 load address 0x08007a10
 .igot.plt      0x200001d4        0x0 C:/ST/STM32CubeIDE_1.19.0/STM32CubeIDE/plugins/com.st.stm32cube.ide.mcu.externaltools.gnu-tools-for-stm32.13.3.rel1.win32_1.0.0.202411081344/tools/bin/../lib/gcc/arm-none-eabi/13.3.1/thumb/v7e-m+fp/hard/crtbegin.o
                0x200001d4                        . = ALIGN (0x4)

.bss            0x200001d4      0x5c0 load address 0x08007a10
                0x200001d4                        _sbss = .
                0x200001d4                        __bss_start__ = _sbss
 *(.bss)
 .bss           0x200001d4       0x1c C:/ST/STM32CubeIDE_1.19.0/STM32CubeIDE/plugins/com.st.stm32cube.ide.mcu.externaltools.gnu-tools-for-stm32.13.3.rel1.win32_1.0.0.202411081344/tools/bin/../lib/gcc/arm-none-eabi/13.3.1/thumb/v7e-m+fp/hard/crtbegin.o
 *(.bss*)
 .bss.__sbrk_heap_end
                0x200001f0        0x4 ./core/Src/sysmem.o
 .bss.enables   0x200001f4        0x2 ./drivers/bsp/stm32g4_extit.o
 *fill*         0x200001f6        0x2 
 .bss.callbacks
                0x200001f8       0x40 ./drivers/bsp/stm32g4_extit.o
 .bss.initialized
                0x20000238        0x1 ./drivers/bsp/stm32g4_gpio.o
 *fill*         0x20000239        0x3 
 .bss.uart_initialized
                0x2000023c        0x4 ./drivers/bsp/stm32g4_sys.o
 .bss.stdin_usart
                0x20000240        0x1 ./drivers/bsp/stm32g4_sys.o
 .bss.stderr_usart
                0x20000241        0x1 ./drivers/bsp/stm32g4_sys.o
 .bss.stdout_usart
                0x20000242        0x1 ./drivers/bsp/stm32g4_sys.o
 .bss.initialized
                0x20000243        0x1 ./drivers/bsp/stm32g4_systick.o
 .bss.callback_functions
                0x20000244       0x40 ./drivers/bsp/stm32g4_systick.o
 .bss.structure_handles
                0x20000284      0x17c ./drivers/bsp/stm32g4_timer.o
 .bss.callback_uart_rx
                0x20000400        0x8 ./drivers/bsp/stm32g4_uart.o
 .bss.uart_initialized
                0x20000408        0x2 ./drivers/bsp/stm32g4_uart.o
 *fill*         0x2000040a        0x2 
 .bss.buffer_rx_data_ready
                0x2000040c        0x2 ./drivers/bsp/stm32g4_uart.o
 *fill*         0x2000040e        0x2 
 .bss.buffer_rx_read_index
                0x20000410        0x8 ./drivers/bsp/stm32g4_uart.o
 .bss.buffer_rx_write_index
                0x20000418        0x2 ./drivers/bsp/stm32g4_uart.o
 *fill*         0x2000041a        0x2 
 .bss.buffer_rx
                0x2000041c      0x100 ./drivers/bsp/stm32g4_uart.o
 .bss.structure_handles
                0x2000051c      0x128 ./drivers/bsp/stm32g4_uart.o
 .bss.uwTick    0x20000644        0x4 ./drivers/stm32g4xx_hal/Src/stm32g4xx_hal.o
                0x20000644                uwTick
 .bss.__sf      0x20000648      0x138 C:/ST/STM32CubeIDE_1.19.0/STM32CubeIDE/plugins/com.st.stm32cube.ide.mcu.externaltools.gnu-tools-for-stm32.13.3.rel1.win32_1.0.0.202411081344/tools/bin/../lib/gcc/arm-none-eabi/13.3.1/../../../../arm-none-eabi/lib/thumb/v7e-m+fp/hard\libc_nano.a(libc_a-findfp.o)
                0x20000648                __sf
 .bss.__stdio_exit_handler
                0x20000780        0x4 C:/ST/STM32CubeIDE_1.19.0/STM32CubeIDE/plugins/com.st.stm32cube.ide.mcu.externaltools.gnu-tools-for-stm32.13.3.rel1.win32_1.0.0.202411081344/tools/bin/../lib/gcc/arm-none-eabi/13.3.1/../../../../arm-none-eabi/lib/thumb/v7e-m+fp/hard\libc_nano.a(libc_a-findfp.o)
                0x20000780                __stdio_exit_handler
 .bss.errno     0x20000784        0x4 C:/ST/STM32CubeIDE_1.19.0/STM32CubeIDE/plugins/com.st.stm32cube.ide.mcu.externaltools.gnu-tools-for-stm32.13.3.rel1.win32_1.0.0.202411081344/tools/bin/../lib/gcc/arm-none-eabi/13.3.1/../../../../arm-none-eabi/lib/thumb/v7e-m+fp/hard\libc_nano.a(libc_a-reent.o)
                0x20000784                errno
 .bss.__lock___malloc_recursive_mutex
                0x20000788        0x1 C:/ST/STM32CubeIDE_1.19.0/STM32CubeIDE/plugins/com.st.stm32cube.ide.mcu.externaltools.gnu-tools-for-stm32.13.3.rel1.win32_1.0.0.202411081344/tools/bin/../lib/gcc/arm-none-eabi/13.3.1/../../../../arm-none-eabi/lib/thumb/v7e-m+fp/hard\libc_nano.a(libc_a-lock.o)
                0x20000788                __lock___malloc_recursive_mutex
 .bss.__lock___sfp_recursive_mutex
                0x20000789        0x1 C:/ST/STM32CubeIDE_1.19.0/STM32CubeIDE/plugins/com.st.stm32cube.ide.mcu.externaltools.gnu-tools-for-stm32.13.3.rel1.win32_1.0.0.202411081344/tools/bin/../lib/gcc/arm-none-eabi/13.3.1/../../../../arm-none-eabi/lib/thumb/v7e-m+fp/hard\libc_nano.a(libc_a-lock.o)
                0x20000789                __lock___sfp_recursive_mutex
 *fill*         0x2000078a        0x2 
 .bss.__malloc_sbrk_start
                0x2000078c        0x4 C:/ST/STM32CubeIDE_1.19.0/STM32CubeIDE/plugins/com.st.stm32cube.ide.mcu.externaltools.gnu-tools-for-stm32.13.3.rel1.win32_1.0.0.202411081344/tools/bin/../lib/gcc/arm-none-eabi/13.3.1/../../../../arm-none-eabi/lib/thumb/v7e-m+fp/hard\libc_nano.a(libc_a-mallocr.o)
                0x2000078c                __malloc_sbrk_start
 .bss.__malloc_free_list
                0x20000790        0x4 C:/ST/STM32CubeIDE_1.19.0/STM32CubeIDE/plugins/com.st.stm32cube.ide.mcu.externaltools.gnu-tools-for-stm32.13.3.rel1.win32_1.0.0.202411081344/tools/bin/../lib/gcc/arm-none-eabi/13.3.1/../../../../arm-none-eabi/lib/thumb/v7e-m+fp/hard\libc_nano.a(libc_a-mallocr.o)
                0x20000790                __malloc_free_list
 *(COMMON)
                0x20000794                        . = ALIGN (0x4)
                0x20000794                        _ebss = .
                0x20000794                        __bss_end__ = _ebss

._user_heap_stack
                0x20000794      0x604 load address 0x08007a10
                0x20000798                        . = ALIGN (0x8)
 *fill*         0x20000794        0x4 
                [!provide]                        PROVIDE (end = .)
                0x20000798                        PROVIDE (_end = .)
                0x20000998                        . = (. + _Min_Heap_Size)
 *fill*         0x20000798      0x200 
                0x20000d98                        . = (. + _Min_Stack_Size)
 *fill*         0x20000998      0x400 
                0x20000d98                        . = ALIGN (0x8)

/DISCARD/
 libc.a(*)
 libm.a(*)
 libgcc.a(*)

.ARM.attributes
                0x00000000       0x30
 *(.ARM.attributes)
 .ARM.attributes
                0x00000000       0x22 C:/ST/STM32CubeIDE_1.19.0/STM32CubeIDE/plugins/com.st.stm32cube.ide.mcu.externaltools.gnu-tools-for-stm32.13.3.rel1.win32_1.0.0.202411081344/tools/bin/../lib/gcc/arm-none-eabi/13.3.1/thumb/v7e-m+fp/hard/crti.o
 .ARM.attributes
                0x00000022       0x34 C:/ST/STM32CubeIDE_1.19.0/STM32CubeIDE/plugins/com.st.stm32cube.ide.mcu.externaltools.gnu-tools-for-stm32.13.3.rel1.win32_1.0.0.202411081344/tools/bin/../lib/gcc/arm-none-eabi/13.3.1/thumb/v7e-m+fp/hard/crtbegin.o
 .ARM.attributes
                0x00000056       0x34 ./app/main.o
 .ARM.attributes
                0x0000008a       0x34 ./core/Src/stm32g4xx_it.o
 .ARM.attributes
                0x000000be       0x34 ./core/Src/syscalls.o
 .ARM.attributes
                0x000000f2       0x34 ./core/Src/sysmem.o
 .ARM.attributes
                0x00000126       0x34 ./core/Src/system_stm32g4xx.o
 .ARM.attributes
                0x0000015a       0x34 ./core/Startup/bootloader.o
 .ARM.attributes
                0x0000018e       0x21 ./core/Startup/startup_stm32g431kbtx.o
 .ARM.attributes
                0x000001af       0x34 ./drivers/bsp/stm32g4_extit.o
 .ARM.attributes
                0x000001e3       0x34 ./drivers/bsp/stm32g4_gpio.o
 .ARM.attributes
                0x00000217       0x34 ./drivers/bsp/stm32g4_sys.o
 .ARM.attributes
                0x0000024b       0x34 ./drivers/bsp/stm32g4_systick.o
 .ARM.attributes
                0x0000027f       0x34 ./drivers/bsp/stm32g4_timer.o
 .ARM.attributes
                0x000002b3       0x34 ./drivers/bsp/stm32g4_uart.o
 .ARM.attributes
                0x000002e7       0x34 ./drivers/stm32g4xx_hal/Src/stm32g4xx_hal.o
 .ARM.attributes
                0x0000031b       0x34 ./drivers/stm32g4xx_hal/Src/stm32g4xx_hal_cortex.o
 .ARM.attributes
                0x0000034f       0x34 ./drivers/stm32g4xx_hal/Src/stm32g4xx_hal_dma.o
 .ARM.attributes
                0x00000383       0x34 ./drivers/stm32g4xx_hal/Src/stm32g4xx_hal_gpio.o
 .ARM.attributes
                0x000003b7       0x34 ./drivers/stm32g4xx_hal/Src/stm32g4xx_hal_pwr_ex.o
 .ARM.attributes
                0x000003eb       0x34 ./drivers/stm32g4xx_hal/Src/stm32g4xx_hal_rcc.o
 .ARM.attributes
                0x0000041f       0x34 ./drivers/stm32g4xx_hal/Src/stm32g4xx_hal_rcc_ex.o
 .ARM.attributes
                0x00000453       0x34 ./drivers/stm32g4xx_hal/Src/stm32g4xx_hal_uart.o
 .ARM.attributes
                0x00000487       0x34 ./drivers/stm32g4xx_hal/Src/stm32g4xx_hal_uart_ex.o
 .ARM.attributes
                0x000004bb       0x34 C:/ST/STM32CubeIDE_1.19.0/STM32CubeIDE/plugins/com.st.stm32cube.ide.mcu.externaltools.gnu-tools-for-stm32.13.3.rel1.win32_1.0.0.202411081344/tools/bin/../lib/gcc/arm-none-eabi/13.3.1/../../../../arm-none-eabi/lib/thumb/v7e-m+fp/hard\libc_nano.a(libc_a-assert.o)
 .ARM.attributes
                0x000004ef       0x34 C:/ST/STM32CubeIDE_1.19.0/STM32CubeIDE/plugins/com.st.stm32cube.ide.mcu.externaltools.gnu-tools-for-stm32.13.3.rel1.win32_1.0.0.202411081344/tools/bin/../lib/gcc/arm-none-eabi/13.3.1/../../../../arm-none-eabi/lib/thumb/v7e-m+fp/hard\libc_nano.a(libc_a-nano-vfprintf_float.o)
 .ARM.attributes
                0x00000523       0x34 C:/ST/STM32CubeIDE_1.19.0/STM32CubeIDE/plugins/com.st.stm32cube.ide.mcu.externaltools.gnu-tools-for-stm32.13.3.rel1.win32_1.0.0.202411081344/tools/bin/../lib/gcc/arm-none-eabi/13.3.1/../../../../arm-none-eabi/lib/thumb/v7e-m+fp/hard\libc_nano.a(libc_a-nano-vfprintf_i.o)
 .ARM.attributes
                0x00000557       0x34 C:/ST/STM32CubeIDE_1.19.0/STM32CubeIDE/plugins/com.st.stm32cube.ide.mcu.externaltools.gnu-tools-for-stm32.13.3.rel1.win32_1.0.0.202411081344/tools/bin/../lib/gcc/arm-none-eabi/13.3.1/../../../../arm-none-eabi/lib/thumb/v7e-m+fp/hard\libc_nano.a(libc_a-findfp.o)
 .ARM.attributes
                0x0000058b       0x34 C:/ST/STM32CubeIDE_1.19.0/STM32CubeIDE/plugins/com.st.stm32cube.ide.mcu.externaltools.gnu-tools-for-stm32.13.3.rel1.win32_1.0.0.202411081344/tools/bin/../lib/gcc/arm-none-eabi/13.3.1/../../../../arm-none-eabi/lib/thumb/v7e-m+fp/hard\libc_nano.a(libc_a-fprintf.o)
 .ARM.attributes
                0x000005bf       0x34 C:/ST/STM32CubeIDE_1.19.0/STM32CubeIDE/plugins/com.st.stm32cube.ide.mcu.externaltools.gnu-tools-for-stm32.13.3.rel1.win32_1.0.0.202411081344/tools/bin/../lib/gcc/arm-none-eabi/13.3.1/../../../../arm-none-eabi/lib/thumb/v7e-m+fp/hard\libc_nano.a(libc_a-fwalk.o)
 .ARM.attributes
                0x000005f3       0x34 C:/ST/STM32CubeIDE_1.19.0/STM32CubeIDE/plugins/com.st.stm32cube.ide.mcu.externaltools.gnu-tools-for-stm32.13.3.rel1.win32_1.0.0.202411081344/tools/bin/../lib/gcc/arm-none-eabi/13.3.1/../../../../arm-none-eabi/lib/thumb/v7e-m+fp/hard\libc_nano.a(libc_a-setvbuf.o)
 .ARM.attributes
                0x00000627       0x34 C:/ST/STM32CubeIDE_1.19.0/STM32CubeIDE/plugins/com.st.stm32cube.ide.mcu.externaltools.gnu-tools-for-stm32.13.3.rel1.win32_1.0.0.202411081344/tools/bin/../lib/gcc/arm-none-eabi/13.3.1/../../../../arm-none-eabi/lib/thumb/v7e-m+fp/hard\libc_nano.a(libc_a-stdio.o)
 .ARM.attributes
                0x0000065b       0x34 C:/ST/STM32CubeIDE_1.19.0/STM32CubeIDE/plugins/com.st.stm32cube.ide.mcu.externaltools.gnu-tools-for-stm32.13.3.rel1.win32_1.0.0.202411081344/tools/bin/../lib/gcc/arm-none-eabi/13.3.1/../../../../arm-none-eabi/lib/thumb/v7e-m+fp/hard\libc_nano.a(libc_a-memset.o)
 .ARM.attributes
                0x0000068f       0x34 C:/ST/STM32CubeIDE_1.19.0/STM32CubeIDE/plugins/com.st.stm32cube.ide.mcu.externaltools.gnu-tools-for-stm32.13.3.rel1.win32_1.0.0.202411081344/tools/bin/../lib/gcc/arm-none-eabi/13.3.1/../../../../arm-none-eabi/lib/thumb/v7e-m+fp/hard\libc_nano.a(libc_a-localeconv.o)
 .ARM.attributes
                0x000006c3       0x34 C:/ST/STM32CubeIDE_1.19.0/STM32CubeIDE/plugins/com.st.stm32cube.ide.mcu.externaltools.gnu-tools-for-stm32.13.3.rel1.win32_1.0.0.202411081344/tools/bin/../lib/gcc/arm-none-eabi/13.3.1/../../../../arm-none-eabi/lib/thumb/v7e-m+fp/hard\libc_nano.a(libc_a-closer.o)
 .ARM.attributes
                0x000006f7       0x34 C:/ST/STM32CubeIDE_1.19.0/STM32CubeIDE/plugins/com.st.stm32cube.ide.mcu.externaltools.gnu-tools-for-stm32.13.3.rel1.win32_1.0.0.202411081344/tools/bin/../lib/gcc/arm-none-eabi/13.3.1/../../../../arm-none-eabi/lib/thumb/v7e-m+fp/hard\libc_nano.a(libc_a-reent.o)
 .ARM.attributes
                0x0000072b       0x34 C:/ST/STM32CubeIDE_1.19.0/STM32CubeIDE/plugins/com.st.stm32cube.ide.mcu.externaltools.gnu-tools-for-stm32.13.3.rel1.win32_1.0.0.202411081344/tools/bin/../lib/gcc/arm-none-eabi/13.3.1/../../../../arm-none-eabi/lib/thumb/v7e-m+fp/hard\libc_nano.a(libc_a-impure.o)
 .ARM.attributes
                0x0000075f       0x34 C:/ST/STM32CubeIDE_1.19.0/STM32CubeIDE/plugins/com.st.stm32cube.ide.mcu.externaltools.gnu-tools-for-stm32.13.3.rel1.win32_1.0.0.202411081344/tools/bin/../lib/gcc/arm-none-eabi/13.3.1/../../../../arm-none-eabi/lib/thumb/v7e-m+fp/hard\libc_nano.a(libc_a-lseekr.o)
 .ARM.attributes
                0x00000793       0x34 C:/ST/STM32CubeIDE_1.19.0/STM32CubeIDE/plugins/com.st.stm32cube.ide.mcu.externaltools.gnu-tools-for-stm32.13.3.rel1.win32_1.0.0.202411081344/tools/bin/../lib/gcc/arm-none-eabi/13.3.1/../../../../arm-none-eabi/lib/thumb/v7e-m+fp/hard\libc_nano.a(libc_a-readr.o)
 .ARM.attributes
                0x000007c7       0x34 C:/ST/STM32CubeIDE_1.19.0/STM32CubeIDE/plugins/com.st.stm32cube.ide.mcu.externaltools.gnu-tools-for-stm32.13.3.rel1.win32_1.0.0.202411081344/tools/bin/../lib/gcc/arm-none-eabi/13.3.1/../../../../arm-none-eabi/lib/thumb/v7e-m+fp/hard\libc_nano.a(libc_a-writer.o)
 .ARM.attributes
                0x000007fb       0x34 C:/ST/STM32CubeIDE_1.19.0/STM32CubeIDE/plugins/com.st.stm32cube.ide.mcu.externaltools.gnu-tools-for-stm32.13.3.rel1.win32_1.0.0.202411081344/tools/bin/../lib/gcc/arm-none-eabi/13.3.1/../../../../arm-none-eabi/lib/thumb/v7e-m+fp/hard\libc_nano.a(libc_a-errno.o)
 .ARM.attributes
                0x0000082f       0x34 C:/ST/STM32CubeIDE_1.19.0/STM32CubeIDE/plugins/com.st.stm32cube.ide.mcu.externaltools.gnu-tools-for-stm32.13.3.rel1.win32_1.0.0.202411081344/tools/bin/../lib/gcc/arm-none-eabi/13.3.1/../../../../arm-none-eabi/lib/thumb/v7e-m+fp/hard\libc_nano.a(libc_a-init.o)
 .ARM.attributes
                0x00000863       0x34 C:/ST/STM32CubeIDE_1.19.0/STM32CubeIDE/plugins/com.st.stm32cube.ide.mcu.externaltools.gnu-tools-for-stm32.13.3.rel1.win32_1.0.0.202411081344/tools/bin/../lib/gcc/arm-none-eabi/13.3.1/../../../../arm-none-eabi/lib/thumb/v7e-m+fp/hard\libc_nano.a(libc_a-lock.o)
 .ARM.attributes
                0x00000897       0x1c C:/ST/STM32CubeIDE_1.19.0/STM32CubeIDE/plugins/com.st.stm32cube.ide.mcu.externaltools.gnu-tools-for-stm32.13.3.rel1.win32_1.0.0.202411081344/tools/bin/../lib/gcc/arm-none-eabi/13.3.1/../../../../arm-none-eabi/lib/thumb/v7e-m+fp/hard\libc_nano.a(libc_a-memchr.o)
 .ARM.attributes
                0x000008b3       0x17 C:/ST/STM32CubeIDE_1.19.0/STM32CubeIDE/plugins/com.st.stm32cube.ide.mcu.externaltools.gnu-tools-for-stm32.13.3.rel1.win32_1.0.0.202411081344/tools/bin/../lib/gcc/arm-none-eabi/13.3.1/../../../../arm-none-eabi/lib/thumb/v7e-m+fp/hard\libc_nano.a(libc_a-strlen.o)
 .ARM.attributes
                0x000008ca       0x34 C:/ST/STM32CubeIDE_1.19.0/STM32CubeIDE/plugins/com.st.stm32cube.ide.mcu.externaltools.gnu-tools-for-stm32.13.3.rel1.win32_1.0.0.202411081344/tools/bin/../lib/gcc/arm-none-eabi/13.3.1/../../../../arm-none-eabi/lib/thumb/v7e-m+fp/hard\libc_nano.a(libc_a-abort.o)
 .ARM.attributes
                0x000008fe       0x34 C:/ST/STM32CubeIDE_1.19.0/STM32CubeIDE/plugins/com.st.stm32cube.ide.mcu.externaltools.gnu-tools-for-stm32.13.3.rel1.win32_1.0.0.202411081344/tools/bin/../lib/gcc/arm-none-eabi/13.3.1/../../../../arm-none-eabi/lib/thumb/v7e-m+fp/hard\libc_nano.a(libc_a-dtoa.o)
 .ARM.attributes
                0x00000932       0x34 C:/ST/STM32CubeIDE_1.19.0/STM32CubeIDE/plugins/com.st.stm32cube.ide.mcu.externaltools.gnu-tools-for-stm32.13.3.rel1.win32_1.0.0.202411081344/tools/bin/../lib/gcc/arm-none-eabi/13.3.1/../../../../arm-none-eabi/lib/thumb/v7e-m+fp/hard\libc_nano.a(libc_a-freer.o)
 .ARM.attributes
                0x00000966       0x34 C:/ST/STM32CubeIDE_1.19.0/STM32CubeIDE/plugins/com.st.stm32cube.ide.mcu.externaltools.gnu-tools-for-stm32.13.3.rel1.win32_1.0.0.202411081344/tools/bin/../lib/gcc/arm-none-eabi/13.3.1/../../../../arm-none-eabi/lib/thumb/v7e-m+fp/hard\libc_nano.a(libc_a-malloc.o)
 .ARM.attributes
                0x0000099a       0x34 C:/ST/STM32CubeIDE_1.19.0/STM32CubeIDE/plugins/com.st.stm32cube.ide.mcu.externaltools.gnu-tools-for-stm32.13.3.rel1.win32_1.0.0.202411081344/tools/bin/../lib/gcc/arm-none-eabi/13.3.1/../../../../arm-none-eabi/lib/thumb/v7e-m+fp/hard\libc_nano.a(libc_a-mallocr.o)
 .ARM.attributes
                0x000009ce       0x34 C:/ST/STM32CubeIDE_1.19.0/STM32CubeIDE/plugins/com.st.stm32cube.ide.mcu.externaltools.gnu-tools-for-stm32.13.3.rel1.win32_1.0.0.202411081344/tools/bin/../lib/gcc/arm-none-eabi/13.3.1/../../../../arm-none-eabi/lib/thumb/v7e-m+fp/hard\libc_nano.a(libc_a-mlock.o)
 .ARM.attributes
                0x00000a02       0x34 C:/ST/STM32CubeIDE_1.19.0/STM32CubeIDE/plugins/com.st.stm32cube.ide.mcu.externaltools.gnu-tools-for-stm32.13.3.rel1.win32_1.0.0.202411081344/tools/bin/../lib/gcc/arm-none-eabi/13.3.1/../../../../arm-none-eabi/lib/thumb/v7e-m+fp/hard\libc_nano.a(libc_a-mprec.o)
 .ARM.attributes
                0x00000a36       0x34 C:/ST/STM32CubeIDE_1.19.0/STM32CubeIDE/plugins/com.st.stm32cube.ide.mcu.externaltools.gnu-tools-for-stm32.13.3.rel1.win32_1.0.0.202411081344/tools/bin/../lib/gcc/arm-none-eabi/13.3.1/../../../../arm-none-eabi/lib/thumb/v7e-m+fp/hard\libc_nano.a(libc_a-nano-vfprintf.o)
 .ARM.attributes
                0x00000a6a       0x34 C:/ST/STM32CubeIDE_1.19.0/STM32CubeIDE/plugins/com.st.stm32cube.ide.mcu.externaltools.gnu-tools-for-stm32.13.3.rel1.win32_1.0.0.202411081344/tools/bin/../lib/gcc/arm-none-eabi/13.3.1/../../../../arm-none-eabi/lib/thumb/v7e-m+fp/hard\libc_nano.a(libc_a-fflush.o)
 .ARM.attributes
                0x00000a9e       0x34 C:/ST/STM32CubeIDE_1.19.0/STM32CubeIDE/plugins/com.st.stm32cube.ide.mcu.externaltools.gnu-tools-for-stm32.13.3.rel1.win32_1.0.0.202411081344/tools/bin/../lib/gcc/arm-none-eabi/13.3.1/../../../../arm-none-eabi/lib/thumb/v7e-m+fp/hard\libc_nano.a(libc_a-makebuf.o)
 .ARM.attributes
                0x00000ad2       0x34 C:/ST/STM32CubeIDE_1.19.0/STM32CubeIDE/plugins/com.st.stm32cube.ide.mcu.externaltools.gnu-tools-for-stm32.13.3.rel1.win32_1.0.0.202411081344/tools/bin/../lib/gcc/arm-none-eabi/13.3.1/../../../../arm-none-eabi/lib/thumb/v7e-m+fp/hard\libc_nano.a(libc_a-wbuf.o)
 .ARM.attributes
                0x00000b06       0x34 C:/ST/STM32CubeIDE_1.19.0/STM32CubeIDE/plugins/com.st.stm32cube.ide.mcu.externaltools.gnu-tools-for-stm32.13.3.rel1.win32_1.0.0.202411081344/tools/bin/../lib/gcc/arm-none-eabi/13.3.1/../../../../arm-none-eabi/lib/thumb/v7e-m+fp/hard\libc_nano.a(libc_a-wsetup.o)
 .ARM.attributes
                0x00000b3a       0x34 C:/ST/STM32CubeIDE_1.19.0/STM32CubeIDE/plugins/com.st.stm32cube.ide.mcu.externaltools.gnu-tools-for-stm32.13.3.rel1.win32_1.0.0.202411081344/tools/bin/../lib/gcc/arm-none-eabi/13.3.1/../../../../arm-none-eabi/lib/thumb/v7e-m+fp/hard\libc_nano.a(libc_a-signal.o)
 .ARM.attributes
                0x00000b6e       0x34 C:/ST/STM32CubeIDE_1.19.0/STM32CubeIDE/plugins/com.st.stm32cube.ide.mcu.externaltools.gnu-tools-for-stm32.13.3.rel1.win32_1.0.0.202411081344/tools/bin/../lib/gcc/arm-none-eabi/13.3.1/../../../../arm-none-eabi/lib/thumb/v7e-m+fp/hard\libc_nano.a(libc_a-locale.o)
 .ARM.attributes
                0x00000ba2       0x34 C:/ST/STM32CubeIDE_1.19.0/STM32CubeIDE/plugins/com.st.stm32cube.ide.mcu.externaltools.gnu-tools-for-stm32.13.3.rel1.win32_1.0.0.202411081344/tools/bin/../lib/gcc/arm-none-eabi/13.3.1/../../../../arm-none-eabi/lib/thumb/v7e-m+fp/hard\libc_nano.a(libc_a-fstatr.o)
 .ARM.attributes